******************************************************************************
                  TI ARM Linker PC v18.12.3                    
******************************************************************************
>> Linked Fri Oct  9 12:49:02 2020

OUTPUT FILE NAME:   <PR11.out>
ENTRY POINT SYMBOL: "_c_int00"  address: 00004f25


MEMORY CONFIGURATION

         name            origin    length      used     unused   attr    fill
----------------------  --------  ---------  --------  --------  ----  --------
  FLASH                 00000000   00040000  000095db  00036a25  R  X
  SRAM                  20000000   00008000  00004998  00003668  RW X


SEGMENT ALLOCATION MAP

run origin  load origin   length   init length attrs members
----------  ----------- ---------- ----------- ----- -------
00000000    00000000    000095e8   000095e8    r-x
  00000000    00000000    0000003c   0000003c    r-- .resetVecs
  00000040    00000040    00006982   00006982    r-x .text
  000069c4    000069c4    000029ad   000029ad    r-- .const
  00009378    00009378    00000270   00000270    r-- .cinit
20000380    20000380    00004638   00000000    rw-
  20000380    20000380    00003c30   00000000    rw- .bss
  20003fb0    20003fb0    00000608   00000000    rw- .data
  200045b8    200045b8    00000400   00000000    rw- .stack


SECTION ALLOCATION MAP

 output                                  attributes/
section   page    origin      length       input sections
--------  ----  ----------  ----------   ----------------
.text      0    00000040    00006982     
                  00000040    00000430     sysbios.aem4f : BIOS.obj (.text:ti_sysbios_family_arm_m3_Hwi_excDumpRegs__I)
                  00000470    0000032c     ti.targets.arm.rtsarm.aem4f : System.oem4f (.text:xdc_runtime_System_doPrint__I)
                  0000079c    00000004     rtsv7M4_T_le_v4SPD16_eabi.lib : exit.c.obj (.text:abort:abort)
                  000007a0    000002f0     sysbios.aem4f : BIOS.obj (.text:ti_sysbios_knl_Semaphore_pend__E)
                  00000a90    0000023c                   : BIOS.obj (.text:ti_sysbios_heaps_HeapMem_freeUnprotected__E)
                  00000ccc    00000004     app_pem4f.oem4f (.text:ti_sysbios_BIOS_RtsGateProxy_enter__E)
                  00000cd0    00000234     sysbios.aem4f : BIOS.obj (.text:ti_sysbios_knl_Task_Instance_finalize__E)
                  00000f04    00000004     app_pem4f.oem4f (.text:ti_sysbios_BIOS_RtsGateProxy_leave__E)
                  00000f08    00000200     sysbios.aem4f : BIOS.obj (.text:ti_sysbios_heaps_HeapMem_allocUnprotected__E)
                  00001108    00000200                   : BIOS.obj (.text:ti_sysbios_knl_Task_sleep__E)
                  00001308    000001f4                   : BIOS.obj (.text:ti_sysbios_family_arm_m3_Hwi_excHandlerMax__I)
                  000014fc    00000004                   : BIOS.obj (.text:ti_sysbios_family_arm_lm4_Timer_masterEnable__I)
                  00001500    000001c8                   : BIOS.obj (.text:ti_sysbios_knl_Task_Instance_init__E)
                  000016c8    000001a0                   : BIOS.obj (.text:ti_sysbios_family_arm_m3_Hwi_excUsageFault__I)
                  00001868    00000178                   : BIOS.obj (.text:ti_sysbios_family_arm_lm4_TimestampProvider_get64__E)
                  000019e0    00000174                   : BIOS.obj (.text:ti_sysbios_family_arm_m3_Hwi_excBusFault__I)
                  00001b54    00000004     app_pem4f.oem4f (.text:ti_sysbios_family_arm_m3_TaskSupport_Module__startupDone__S)
                  00001b58    00000170     sysbios.aem4f : BIOS.obj (.text:ti_sysbios_family_arm_lm4_Timer_start__E)
                  00001cc8    0000016c     driverlib.lib : gpio.obj (.text:GPIOPadConfigSet)
                  00001e34    00000004     app_pem4f.oem4f (.text:ti_sysbios_heaps_HeapMem_Module_GateProxy_enter__E)
                  00001e38    00000148     sysbios.aem4f : BIOS.obj (.text:ti_sysbios_family_arm_m3_Hwi_excMemFault__I)
                  00001f80    00000144                   : BIOS.obj (.text:ti_sysbios_knl_Clock_workFunc__E)
                  000020c4    00000004     app_pem4f.oem4f (.text:ti_sysbios_heaps_HeapMem_Module_GateProxy_leave__E)
                  000020c8    00000140     sysbios.aem4f : BIOS.obj (.text:ti_sysbios_family_arm_m3_Hwi_dispatchC__I)
                  00002208    0000013c                   : BIOS.obj (.text:ti_sysbios_heaps_HeapMem_Instance_init__E)
                  00002344    00000004     app_pem4f.oem4f (.text:ti_sysbios_knl_Clock_TimerProxy_getMaxTicks__E)
                  00002348    0000013c     sysbios.aem4f : BIOS.obj (.text:ti_sysbios_knl_Semaphore_post__E)
                  00002484    0000013c     ti.targets.arm.rtsarm.aem4f : LoggerBuf.oem4f (.text:xdc_runtime_LoggerBuf_write8__E)
                  000025c0    00000138     app_pem4f.oem4f (.text:ti_uia_loggers_LoggerStopMode_writeMemoryRange__E)
                  000026f8    00000130     ti.targets.arm.rtsarm.aem4f : Error.oem4f (.text:xdc_runtime_Error_policyDefault__E)
                  00002828    00000120     sysbios.aem4f : BIOS.obj (.text:ti_sysbios_knl_Swi_run__I)
                  00002948    0000010c     app_pem4f.oem4f (.text:ti_uia_loggers_LoggerStopMode_write8__E)
                  00002a54    00000106     app_pem4f.oem4f (.text:xdc_runtime_System_printfExtend__I)
                  00002b5a    00000002     rtsv7M4_T_le_v4SPD16_eabi.lib : _lock.c.obj (.text:_nop)
                  00002b5c    00000100     Boot.aem4f : Boot_sysctl.oem4f (.text:ti_catalog_arm_cortexm4_tiva_ce_Boot_sysCtlClockSetI__I)
                  00002c5c    000000f8     ti.targets.arm.rtsarm.aem4f : Startup.oem4f (.text:xdc_runtime_Startup_startMods__I)
                  00002d54    000000f4     sysbios.aem4f : m3_Hwi_asm.obj (.text:ti_sysbios_family_arm_m3_Hwi_dispatch__I)
                  00002e48    000000f4     app_pem4f.oem4f (.text:ti_uia_loggers_LoggerStopMode_write4__E)
                  00002f3c    00000004     app_pem4f.oem4f (.text:ti_sysbios_knl_Clock_TimerProxy_getPeriod__E)
                  00002f40    000000e8     sysbios.aem4f : BIOS.obj (.text:ti_sysbios_family_arm_m3_TaskSupport_start__E)
                  00003028    000000e8     app_pem4f.oem4f (.text:ti_uia_loggers_LoggerStopMode_write1__E)
                  00003110    000000e8     app_pem4f.oem4f (.text:ti_uia_loggers_LoggerStopMode_write2__E)
                  000031f8    000000e8     ti.targets.arm.rtsarm.aem4f : Core-mem.oem4f (.text:xdc_runtime_Core_createObject__I)
                  000032e0    000000e0     main.obj (.text:measure)
                  000033c0    000000dc     ti.targets.arm.rtsarm.aem4f : LoggerBuf.oem4f (.text:xdc_runtime_LoggerBuf_write4__E)
                  0000349c    00000004     ti.uia.loggers.aem4f : LoggerStopMode.oem4f (.text:ti_uia_loggers_LoggerStopMode_getContents__E)
                  000034a0    000000d8     sysbios.aem4f : BIOS.obj (.text:ti_sysbios_family_arm_lm4_TimestampProvider_get32__E)
                  00003578    000000d8     app_pem4f.oem4f (.text:ti_uia_loggers_LoggerStopMode_write0__E)
                  00003650    000000d0     sysbios.aem4f : BIOS.obj (.text:ti_sysbios_knl_Task_schedule__I)
                  00003720    000000cc     ti.targets.arm.rtsarm.aem4f : Core-smem.oem4f (.text:xdc_runtime_Core_constructObject__I)
                  000037ec    00000004     app_pem4f.oem4f (.text:ti_uia_loggers_LoggerStopMode_getFilterLevel__E)
                  000037f0    000000bc     sysbios.aem4f : BIOS.obj (.text:ti_sysbios_family_arm_m3_Hwi_excDebugMon__I)
                  000038ac    00000004     ti.uia.loggers.aem4f : LoggerStopMode.oem4f (.text:ti_uia_loggers_LoggerStopMode_getInstanceId__E)
                  000038b0    000000bc     sysbios.aem4f : BIOS.obj (.text:ti_sysbios_family_arm_m3_Hwi_excHardFault__I)
                  0000396c    00000004     ti.uia.loggers.aem4f : LoggerStopMode.oem4f (.text:ti_uia_loggers_LoggerStopMode_getMaxLength__E)
                  00003970    000000bc     sysbios.aem4f : BIOS.obj (.text:ti_sysbios_knl_Task_startCore__E)
                  00003a2c    00000004     ti.uia.loggers.aem4f : LoggerStopMode.oem4f (.text:ti_uia_loggers_LoggerStopMode_getPriority__E)
                  00003a30    000000bc     sysbios.aem4f : BIOS.obj (.text:ti_sysbios_utils_Load_updateLoads__E)
                  00003aec    00000004     ti.uia.loggers.aem4f : LoggerStopMode.oem4f (.text:ti_uia_loggers_LoggerStopMode_getTransferType__E)
                  00003af0    000000b4     sysbios.aem4f : BIOS.obj (.text:ti_sysbios_gates_GateMutex_enter__E)
                  00003ba4    00000004     ti.targets.arm.rtsarm.aem4f : Error.oem4f (.text:xdc_runtime_Error_getSite__E)
                  00003ba8    000000b4     sysbios.aem4f : BIOS.obj (.text:ti_sysbios_knl_Task_checkStacks__E)
                  00003c5c    00000004     app_pem4f.oem4f (.text:xdc_runtime_LoggerBuf_Module_GateProxy_enter__E)
                  00003c60    000000b0     sysbios.aem4f : BIOS.obj (.text:ti_sysbios_family_arm_lm4_Timer_enableTiva__I)
                  00003d10    000000b0                   : BIOS.obj (.text:ti_sysbios_knl_Task_postInit__I)
                  00003dc0    000000b0                   : BIOS.obj (.text:ti_sysbios_utils_Load_idleFxn__E)
                  00003e70    000000ac                   : BIOS.obj (.text:ti_sysbios_knl_Swi_post__E)
                  00003f1c    00000004     app_pem4f.oem4f (.text:xdc_runtime_LoggerBuf_Module_GateProxy_leave__E)
                  00003f20    000000a8     sysbios.aem4f : BIOS.obj (.text:ti_sysbios_family_arm_lm4_Timer_enableTimers__I)
                  00003fc8    000000a8                   : BIOS.obj (.text:ti_sysbios_knl_Task_blockI__E)
                  00004070    000000a2     ti.targets.arm.rtsarm.aem4f : Text.oem4f (.text:xdc_runtime_Text_putSite__E)
                  00004112    00000002     rtsv7M4_T_le_v4SPD16_eabi.lib : div0.asm.obj (.text)
                  00004114    000000a0     auto_init.aem4f : auto_init.oem4f (.text)
                  000041b4    0000009c     rtsv7M4_T_le_v4SPD16_eabi.lib : memcpy_t2.asm.obj (.text)
                  00004250    0000009c     sysbios.aem4f : BIOS.obj (.text:ti_sysbios_knl_Semaphore_Instance_init__E)
                  000042ec    0000009c     ti.targets.arm.rtsarm.aem4f : LoggerBuf.oem4f (.text:xdc_runtime_LoggerBuf_setFilterLevel__E)
                  00004388    00000098     Boot.aem4f : Boot.oem4f (.text:ti_catalog_arm_cortexm4_tiva_ce_Boot_sysCtlClockSet__E)
                  00004420    00000098     sysbios.aem4f : BIOS.obj (.text:ti_sysbios_knl_Task_exit__E)
                  000044b8    00000098     ti.targets.arm.rtsarm.aem4f : Text.oem4f (.text:xdc_runtime_Text_putMod__E)
                  00004550    00000094     sysbios.aem4f : BIOS.obj (.text:ti_sysbios_family_arm_m3_Hwi_initNVIC__E)
                  000045e4    00000004     app_pem4f.oem4f (.text:xdc_runtime_System_Module_GateProxy_enter__E)
                  000045e8    00000094     sysbios.aem4f : BIOS.obj (.text:ti_sysbios_knl_Task_unblockI__E)
                  0000467c    00000090     ti.uia.loggers.aem4f : LoggerStopMode.oem4f (.text:ti_uia_loggers_LoggerStopMode_initQueueDescriptor__E)
                  0000470c    00000004     app_pem4f.oem4f (.text:xdc_runtime_System_Module_GateProxy_leave__E)
                  00004710    00000088     sysbios.aem4f : BIOS.obj (.text:ti_sysbios_knl_Mailbox_Module_startup__E)
                  00004798    00000084                   : BIOS.obj (.text:ti_sysbios_family_arm_m3_Hwi_postInit__I)
                  0000481c    0000007a     rtsv7M4_T_le_v4SPD16_eabi.lib : memset_t2.asm.obj (.text)
                  00004896    00000002     app_pem4f.oem4f (.text:ti_sysbios_BIOS_nullFunc__I)
                  00004898    00000074     ti.uia.runtime.aem4f : QueueDescriptor.oem4f (.text:ti_uia_runtime_QueueDescriptor_addToList__E)
                  0000490c    00000074     ti.targets.arm.rtsarm.aem4f : LoggerBuf.oem4f (.text:xdc_runtime_LoggerBuf_getFilterLevel__E)
                  00004980    00000070                                 : Error.oem4f (.text:xdc_runtime_Error_print__E)
                  000049f0    00000070                                 : Memory.oem4f (.text:xdc_runtime_Memory_alloc__E)
                  00004a60    0000006d                                 : System.oem4f (.text:xdc_runtime_System_formatNum__I)
                  00004acd    00000001     --HOLE-- [fill = 0]
                  00004ace    00000002     app_pem4f.oem4f (.text:ti_uia_loggers_LoggerStopMode_setFilterLevel__E)
                  00004ad0    0000006c     sysbios.aem4f : BIOS.obj (.text:ti_sysbios_knl_Swi_restoreHwi__E)
                  00004b3c    00000068     rtsv7M4_T_le_v4SPD16_eabi.lib : copy_decompress_lzss.c.obj (.text:decompress:lzss:__TI_decompress_lzss)
                  00004ba4    00000066     ti.uia.loggers.aem4f : LoggerStopMode.oem4f (.text:ti_uia_loggers_LoggerStopMode_flush__E)
                  00004c0a    00000066     ti.targets.arm.rtsarm.aem4f : Core-mem.oem4f (.text:xdc_runtime_Core_deleteObject__I)
                  00004c70    00000064     sysbios.aem4f : BIOS.obj (.text:ti_sysbios_family_arm_lm4_Timer_Module_startup__E)
                  00004cd4    00000004     ti.targets.arm.rtsarm.aem4f : System.oem4f (.text:xdc_runtime_System_aprintf_va__F)
                  00004cd8    00000064     sysbios.aem4f : BIOS.obj (.text:ti_sysbios_knl_Clock_logTick__E)
                  00004d3c    00000004     ti.targets.arm.rtsarm.aem4f : System.oem4f (.text:xdc_runtime_System_printf_va__F)
                  00004d40    00000064     sysbios.aem4f : BIOS.obj (.text:ti_sysbios_utils_Load_logCPULoad__I)
                  00004da4    00000002     ti.uia.loggers.aem4f : LoggerStopMode.oem4f (.text:ti_uia_loggers_LoggerStopMode_setPriority__E)
                  00004da6    00000002     app_pem4f.oem4f (.text:xdc_runtime_Startup_reset__I)
                  00004da8    00000060     sysbios.aem4f : BIOS.obj (.text:ti_sysbios_family_arm_lm4_Timer_isrStub__E)
                  00004e08    0000005f     ti.targets.arm.rtsarm.aem4f : Text.oem4f (.text:xdc_runtime_Text_putLab__E)
                  00004e67    00000001     --HOLE-- [fill = 0]
                  00004e68    0000005c     sysbios.aem4f : BIOS.obj (.text:ti_sysbios_knl_Swi_schedule__I)
                  00004ec4    00000004     --HOLE-- [fill = 0]
                  00004ec8    0000005c                   : BIOS.obj (.text:ti_sysbios_knl_Task_Module_startup__E)
                  00004f24    00000058     boot.aem4f : boot.oem4f (.text)
                  00004f7c    00000058     rtsv7M4_T_le_v4SPD16_eabi.lib : hostwrite.c.obj (.text:HOSTwrite)
                  00004fd4    00000058     sysbios.aem4f : m3_Hwi_asm_switch.obj (.text:ti_sysbios_family_arm_m3_Hwi_initStacks__E)
                  0000502c    00000004     --HOLE-- [fill = 0]
                  00005030    00000058                   : BIOS.obj (.text:ti_sysbios_heaps_HeapMem_alloc__E)
                  00005088    00000050                   : BIOS.obj (.text:ti_sysbios_family_arm_m3_Hwi_Module_startup__E)
                  000050d8    00000050     app_pem4f.oem4f (.text:ti_sysbios_knl_Task_create)
                  00005128    00000050     ti.targets.arm.rtsarm.aem4f : Startup.oem4f (.text:xdc_runtime_Startup_exec__E)
                  00005178    00000050                                 : Text.oem4f (.text:xdc_runtime_Text_visitRope2__I)
                  000051c8    0000004c     rtsv7M4_T_le_v4SPD16_eabi.lib : cpy_tbl.c.obj (.text:copy_in)
                  00005214    0000004c     main.obj (.text:main)
                  00005260    0000004c     sysbios.aem4f : BIOS.obj (.text:ti_sysbios_heaps_HeapMem_getStats__E)
                  000052ac    00000004     --HOLE-- [fill = 0]
                  000052b0    0000004c                   : BIOS.obj (.text:ti_sysbios_knl_Swi_runLoop__I)
                  000052fc    00000004     --HOLE-- [fill = 0]
                  00005300    0000004c                   : BIOS.obj (.text:ti_sysbios_knl_Task_allBlockedFunction__I)
                  0000534c    0000004c     ti.uia.loggers.aem4f : LoggerStopMode.oem4f (.text:ti_uia_loggers_LoggerStopMode_Module_startup__E)
                  00005398    0000004c     ti.targets.arm.rtsarm.aem4f : Assert.oem4f (.text:xdc_runtime_Assert_raise__I)
                  000053e4    00000004     --HOLE-- [fill = 0]
                  000053e8    00000048     sysbios.aem4f : BIOS.obj (.text:ti_sysbios_family_arm_m3_Hwi_disableInterrupt__E)
                  00005430    00000048                   : BIOS.obj (.text:ti_sysbios_family_arm_m3_Hwi_enableInterrupt__E)
                  00005478    00000048                   : BIOS.obj (.text:ti_sysbios_family_arm_m3_Hwi_excReserved__I)
                  000054c0    00000048     ti.targets.arm.rtsarm.aem4f : Core-params.oem4f (.text:xdc_runtime_Core_assignParams__I)
                  00005508    00000048     app_pem4f.oem4f (.text:xdc_runtime_LoggerBuf_Object__create__S)
                  00005550    00000044     sysbios.aem4f : BIOS.obj (.text:ti_sysbios_family_arm_lm4_Timer_stop__E)
                  00005594    00000004     --HOLE-- [fill = 0]
                  00005598    00000044                   : BIOS.obj (.text:ti_sysbios_family_arm_m3_Hwi_getStackInfo__E)
                  000055dc    00000044     ti.uia.loggers.aem4f : LoggerStopMode.oem4f (.text:ti_uia_loggers_LoggerStopMode_initBuffer__I)
                  00005620    00000044     ti.targets.arm.rtsarm.aem4f : Error.oem4f (.text:xdc_runtime_Error_setX__E)
                  00005664    00000044                                 : LoggerBuf.oem4f (.text:xdc_runtime_LoggerBuf_filterOutEvent__I)
                  000056a8    00000044                                 : SysMin.oem4f (.text:xdc_runtime_SysMin_flush__E)
                  000056ec    00000044                                 : Text.oem4f (.text:xdc_runtime_Text_xprintf__I)
                  00005730    00000042     computos.obj (.text:CS)
                  00005772    00000040     rtsv7M4_T_le_v4SPD16_eabi.lib : u_divt2.asm.obj (.text)
                  000057b2    00000006     driverlib.lib : gpio.obj (.text:GPIOPinWrite)
                  000057b8    00000040     sysbios.aem4f : BIOS.obj (.text:ti_sysbios_family_arm_lm4_Timer_startup__E)
                  000057f8    0000003c                   : BIOS.obj (.text:ti_sysbios_family_arm_m3_Hwi_excSvCall__I)
                  00005834    00000004     --HOLE-- [fill = 0]
                  00005838    0000003c                   : BIOS.obj (.text:ti_sysbios_heaps_HeapMem_init__I)
                  00005874    00000004     --HOLE-- [fill = 0]
                  00005878    0000003c                   : BIOS.obj (.text:ti_sysbios_knl_Swi_restore__E)
                  000058b4    0000003a     ti.targets.arm.rtsarm.aem4f : LoggerBuf.oem4f (.text:xdc_runtime_LoggerBuf_Instance_init__E)
                  000058ee    00000002     --HOLE-- [fill = 0]
                  000058f0    00000038     rtsv7M4_T_le_v4SPD16_eabi.lib : trgmsg.c.obj (.text:__TI_writemsg)
                  00005928    00000038     sysbios.aem4f : BIOS.obj (.text:ti_sysbios_family_arm_m3_Hwi_excNoIsr__I)
                  00005960    00000038                   : BIOS.obj (.text:ti_sysbios_knl_Task_processVitalTaskFlag__I)
                  00005998    00000038     ti.targets.arm.rtsarm.aem4f : System.oem4f (.text:xdc_runtime_System_atexit__E)
                  000059d0    00000034     driverlib.lib : sysctl.obj (.text:SysCtlPeripheralEnable)
                  00005a04    00000034     rtsv7M4_T_le_v4SPD16_eabi.lib : trgmsg.c.obj (.text:__TI_readmsg)
                  00005a38    00000034     sysbios.aem4f : BIOS.obj (.text:ti_sysbios_family_arm_m3_Hwi_excNmi__I)
                  00005a6c    00000004     --HOLE-- [fill = 0]
                  00005a70    00000034                   : BIOS.obj (.text:ti_sysbios_hal_Hwi_checkStack)
                  00005aa4    00000034     ti.uia.loggers.aem4f : LoggerStopMode.oem4f (.text:ti_uia_loggers_LoggerStopMode_reset__E)
                  00005ad8    00000034     ti.targets.arm.rtsarm.aem4f : SysMin.oem4f (.text:xdc_runtime_SysMin_abort__E)
                  00005b0c    00000034                                 : SysMin.oem4f (.text:xdc_runtime_SysMin_putch__E)
                  00005b40    00000032     sysbios.aem4f : BIOS.obj (.text:ti_sysbios_hal_Hwi_initStack)
                  00005b72    00000006     Boot.aem4f : Boot_sysctl.oem4f (.text:ti_catalog_arm_cortexm4_tiva_ce_Boot_sysCtlDelayI__I)
                  00005b78    00000032     sysbios.aem4f : BIOS.obj (.text:ti_sysbios_knl_Semaphore_pendTimeout__I)
                  00005baa    00000002     --HOLE-- [fill = 0]
                  00005bac    00000030     app_pem4f.oem4f (.text:ti_sysbios_BIOS_atExitFunc__I)
                  00005bdc    00000030     app_pem4f.oem4f (.text:ti_sysbios_BIOS_startFunc__I)
                  00005c0c    00000030     app_pem4f.oem4f (.text:ti_sysbios_gates_GateHwi_Object__create__S)
                  00005c3c    00000030     app_pem4f.oem4f (.text:ti_sysbios_gates_GateMutex_Object__create__S)
                  00005c6c    00000030     app_pem4f.oem4f (.text:ti_sysbios_heaps_HeapMem_Object__create__S)
                  00005c9c    00000004     --HOLE-- [fill = 0]
                  00005ca0    00000030     sysbios.aem4f : BIOS.obj (.text:ti_sysbios_heaps_HeapMem_free__E)
                  00005cd0    00000030     app_pem4f.oem4f (.text:ti_sysbios_knl_Semaphore_construct)
                  00005d00    00000030     sysbios.aem4f : BIOS.obj (.text:ti_sysbios_knl_Task_restore__E)
                  00005d30    00000030                   : BIOS.obj (.text:ti_sysbios_utils_Load_updateCurrentThreadTime__E)
                  00005d60    00000030     app_pem4f.oem4f (.text:ti_uia_loggers_LoggerStopMode_Object__create__S)
                  00005d90    00000030     ti.targets.arm.rtsarm.aem4f : System.oem4f (.text:xdc_runtime_System_processAtExit__E)
                  00005dc0    0000002f                                 : Text.oem4f (.text:xdc_runtime_Text_printVisFxn__I)
                  00005def    00000001     --HOLE-- [fill = 0]
                  00005df0    0000002c     driverlib.lib : gpio.obj (.text:GPIODirModeSet)
                  00005e1c    0000002c     app_pem4f.oem4f (.text:ti_sysbios_family_arm_m3_Hwi_Handle__label__S)
                  00005e48    0000002c     app_pem4f.oem4f (.text:ti_sysbios_gates_GateHwi_Handle__label__S)
                  00005e74    0000002c     app_pem4f.oem4f (.text:ti_sysbios_gates_GateMutex_Handle__label__S)
                  00005ea0    0000002c     app_pem4f.oem4f (.text:ti_sysbios_heaps_HeapMem_Handle__label__S)
                  00005ecc    0000002c     app_pem4f.oem4f (.text:ti_sysbios_knl_Clock_doTick__I)
                  00005ef8    0000002c     app_pem4f.oem4f (.text:ti_sysbios_knl_Queue_construct)
                  00005f24    0000002c     app_pem4f.oem4f (.text:ti_sysbios_knl_Swi_Handle__label__S)
                  00005f50    0000002c     app_pem4f.oem4f (.text:ti_sysbios_knl_Task_Handle__label__S)
                  00005f7c    0000002c     app_pem4f.oem4f (.text:ti_uia_loggers_LoggerStopMode_Handle__label__S)
                  00005fa8    0000002c     app_pem4f.oem4f (.text:xdc_runtime_LoggerBuf_Handle__label__S)
                  00005fd4    0000002a     ti.targets.arm.rtsarm.aem4f : System.oem4f (.text:xdc_runtime_System_putchar__I)
                  00005ffe    00000002     --HOLE-- [fill = 0]
                  00006000    00000028     sysbios.aem4f : m3_Hwi_asm.obj (.text:ti_sysbios_family_arm_m3_Hwi_excHandlerAsm__I)
                  00006028    00000028                   : BIOS.obj (.text:ti_sysbios_knl_Swi_Module_startup__E)
                  00006050    00000028     ti.targets.arm.rtsarm.aem4f : LoggerBuf.oem4f (.text:xdc_runtime_LoggerBuf_Module_startup__E)
                  00006078    00000028                                 : System.oem4f (.text:xdc_runtime_System_avprintf__E)
                  000060a0    00000026     sysbios.aem4f : m3_Hwi_asm.obj (.text:ti_sysbios_family_arm_m3_Hwi_pendSV__I)
                  000060c6    00000026     ti.targets.arm.rtsarm.aem4f : System.oem4f (.text:xdc_runtime_System_vprintf__E)
                  000060ec    00000024     app_pem4f.oem4f (.text:ti_sysbios_BIOS_errorRaiseHook__I)
                  00006110    00000024     app_pem4f.oem4f (.text:ti_sysbios_BIOS_registerRTSLock__I)
                  00006134    00000024     app_pem4f.oem4f (.text:ti_sysbios_BIOS_removeRTSLock__I)
                  00006158    00000024     app_pem4f.oem4f (.text:ti_sysbios_gates_GateMutex_Object__delete__S)
                  0000617c    00000004     --HOLE-- [fill = 0]
                  00006180    00000024     sysbios.aem4f : BIOS.obj (.text:ti_sysbios_knl_Clock_Module_startup__E)
                  000061a4    00000004     --HOLE-- [fill = 0]
                  000061a8    00000024                   : BIOS.obj (.text:ti_sysbios_knl_Task_restoreHwi__E)
                  000061cc    00000004     --HOLE-- [fill = 0]
                  000061d0    00000022                   : BIOS.obj (.text:ti_sysbios_family_arm_lm4_Timer_write__I)
                  000061f2    00000022     app_pem4f.oem4f (.text:xdc_runtime_SysMin_output__I)
                  00006214    00000020     app_pem4f.oem4f (.text:ti_sysbios_BIOS_rtsLock__I)
                  00006234    00000020     app_pem4f.oem4f (.text:ti_sysbios_gates_GateHwi_Object__delete__S)
                  00006254    00000020     app_pem4f.oem4f (.text:ti_sysbios_heaps_HeapMem_Object__delete__S)
                  00006274    00000004     --HOLE-- [fill = 0]
                  00006278    00000020     sysbios.aem4f : BIOS.obj (.text:ti_sysbios_knl_Idle_run__E)
                  00006298    00000020     app_pem4f.oem4f (.text:ti_sysbios_knl_Semaphore_destruct)
                  000062b8    00000020     app_pem4f.oem4f (.text:ti_uia_loggers_LoggerStopMode_Object__delete__S)
                  000062d8    00000020     app_pem4f.oem4f (.text:xdc_runtime_LoggerBuf_Object__delete__S)
                  000062f8    00000020     ti.targets.arm.rtsarm.aem4f : SysMin.oem4f (.text:xdc_runtime_SysMin_Module_startup__E)
                  00006318    0000001e     sysbios.aem4f : m3_Hwi_asm_switch.obj (.text:ti_sysbios_family_xxx_Hwi_switchAndRunFunc)
                  00006336    0000001e     ti.targets.arm.rtsarm.aem4f : LoggerBuf.oem4f (.text:xdc_runtime_LoggerBuf_reset__E)
                  00006354    00000004     --HOLE-- [fill = 0]
                  00006358    0000001c     sysbios.aem4f : BIOS.obj (.text:ti_sysbios_family_arm_m3_Hwi_excHandler__I)
                  00006374    0000001c                   : m3_TaskSupport_asm.obj (.text:ti_sysbios_family_arm_m3_TaskSupport_swap__E)
                  00006390    0000001c                   : BIOS.obj (.text:ti_sysbios_gates_GateMutex_Instance_init__E)
                  000063ac    0000001c     app_pem4f.oem4f (.text:ti_sysbios_knl_Queue_destruct)
                  000063c8    0000001c     sysbios.aem4f : BIOS.obj (.text:ti_sysbios_knl_Task_enter__I)
                  000063e4    0000001c     ti.uia.loggers.aem4f : LoggerStopMode.oem4f (.text:ti_uia_loggers_LoggerStopMode_Instance_init__E)
                  00006400    0000001c     ti.targets.arm.rtsarm.aem4f : Error.oem4f (.text:xdc_runtime_Error_check__E)
                  0000641c    0000001c                                 : Error.oem4f (.text:xdc_runtime_Error_raiseX__E)
                  00006438    0000001c                                 : Memory.oem4f (.text:xdc_runtime_Memory_valloc__E)
                  00006454    0000001c                                 : Registry.oem4f (.text:xdc_runtime_Registry_findById__E)
                  00006470    0000001c                                 : SysMin.oem4f (.text:xdc_runtime_SysMin_exit__E)
                  0000648c    0000001c                                 : System.oem4f (.text:xdc_runtime_System_abort__E)
                  000064a8    0000001c                                 : Text.oem4f (.text:xdc_runtime_Text_ropeText__E)
                  000064c4    0000001a     driverlib.lib : gpio.obj (.text:GPIOPinTypeGPIOOutput)
                  000064de    00000002     --HOLE-- [fill = 0]
                  000064e0    0000001a     sysbios.aem4f : BIOS.obj (.text:ti_sysbios_knl_Task_sleepTimeout__I)
                  000064fa    0000001a     app_pem4f.oem4f (.text:xdc_runtime_System_aprintf__E)
                  00006514    0000001a     app_pem4f.oem4f (.text:xdc_runtime_System_printf__E)
                  0000652e    00000002     --HOLE-- [fill = 0]
                  00006530    00000018     rtsv7M4_T_le_v4SPD16_eabi.lib : args_main.c.obj (.text:_args_main)
                  00006548    00000018     app_pem4f.oem4f (.text:ti_sysbios_BIOS_rtsUnlock__I)
                  00006560    00000018     app_pem4f.oem4f (.text:ti_sysbios_family_arm_lm4_Timer_Module__startupDone__F)
                  00006578    00000018     app_pem4f.oem4f (.text:ti_sysbios_family_arm_m3_Hwi_Module__startupDone__F)
                  00006590    00000018     sysbios.aem4f : BIOS.obj (.text:ti_sysbios_gates_GateMutex_leave__E)
                  000065a8    00000018     ti.targets.arm.rtsarm.aem4f : Error.oem4f (.text:xdc_runtime_Error_init__E)
                  000065c0    00000018                                 : System.oem4f (.text:xdc_runtime_System_exit__E)
                  000065d8    00000016     app_pem4f.oem4f (.text:ti_sysbios_BIOS_exitFunc__I)
                  000065ee    00000016     ti.uia.loggers.aem4f : LoggerStopMode.oem4f (.text:ti_uia_loggers_LoggerStopMode_disable__E)
                  00006604    00000016                          : LoggerStopMode.oem4f (.text:ti_uia_loggers_LoggerStopMode_enable__E)
                  0000661a    00000014     rtsv7M4_T_le_v4SPD16_eabi.lib : strlen.c.obj (.text:strlen)
                  0000662e    00000002     --HOLE-- [fill = 0]
                  00006630    00000014     app_pem4f.oem4f (.text:ti_sysbios_family_arm_m3_Hwi_Object__get__S)
                  00006644    00000004     --HOLE-- [fill = 0]
                  00006648    00000014     sysbios.aem4f : BIOS.obj (.text:ti_sysbios_family_arm_m3_Hwi_switchFromBootStack__E)
                  0000665c    00000014     app_pem4f.oem4f (.text:ti_sysbios_heaps_HeapMem_Object__get__S)
                  00006670    00000014     app_pem4f.oem4f (.text:ti_sysbios_knl_Swi_Object__get__S)
                  00006684    00000014     app_pem4f.oem4f (.text:xdc_runtime_LoggerBuf_Object__get__S)
                  00006698    00000012     sysbios.aem4f : BIOS.obj (.text:ti_sysbios_hal_Hwi_Module_startup__E)
                  000066aa    00000012     ti.targets.arm.rtsarm.aem4f : LoggerBuf.oem4f (.text:xdc_runtime_LoggerBuf_write1__E)
                  000066bc    00000012                                 : LoggerBuf.oem4f (.text:xdc_runtime_LoggerBuf_write2__E)
                  000066ce    00000012     app_pem4f.oem4f (.text:xdc_runtime_Startup_exec__I)
                  000066e0    00000010     sysbios.aem4f : BIOS.obj (.text:ti_sysbios_BIOS_getCpuFreq__E)
                  000066f0    00000010                   : BIOS.obj (.text:ti_sysbios_BIOS_setThreadType__E)
                  00006700    00000010                   : BIOS.obj (.text:ti_sysbios_BIOS_start__E)
                  00006710    00000010                   : BIOS.obj (.text:ti_sysbios_family_arm_lm4_TimestampProvider_rolloverFunc__E)
                  00006720    00000010                   : m3_TaskSupport_asm.obj (.text:ti_sysbios_family_arm_m3_TaskSupport_glue)
                  00006730    00000010                   : BIOS.obj (.text:ti_sysbios_gates_GateMutex_Instance_finalize__E)
                  00006740    00000010     app_pem4f.oem4f (.text:ti_sysbios_knl_Mailbox_Object__get__S)
                  00006750    00000010     sysbios.aem4f : BIOS.obj (.text:ti_sysbios_knl_Semaphore_Instance_finalize__E)
                  00006760    00000010                   : BIOS.obj (.text:ti_sysbios_knl_Swi_disable__E)
                  00006770    00000010     app_pem4f.oem4f (.text:ti_sysbios_knl_Task_Object__get__S)
                  00006780    00000010     sysbios.aem4f : BIOS.obj (.text:ti_sysbios_knl_Task_disable__E)
                  00006790    00000010     app_pem4f.oem4f (.text:ti_uia_loggers_LoggerStopMode_Object__get__S)
                  000067a0    00000010     ti.uia.loggers.aem4f : LoggerStopMode.oem4f (.text:ti_uia_loggers_LoggerStopMode_isEmpty__E)
                  000067b0    00000010     ti.targets.arm.rtsarm.aem4f : Gate.oem4f (.text:xdc_runtime_Gate_leaveSystem__E)
                  000067c0    00000010                                 : LoggerBuf.oem4f (.text:xdc_runtime_LoggerBuf_Instance_finalize__E)
                  000067d0    00000010                                 : LoggerBuf.oem4f (.text:xdc_runtime_LoggerBuf_write0__E)
                  000067e0    00000010                                 : Memory.oem4f (.text:xdc_runtime_Memory_free__E)
                  000067f0    00000010                                 : SysMin.oem4f (.text:xdc_runtime_SysMin_ready__E)
                  00006800    00000010                                 : System.oem4f (.text:xdc_runtime_System_vsnprintf__E)
                  00006810    00000010     app_pem4f.oem4f (.text:xdc_runtime_Text_visitRope__I)
                  00006820    0000000e     rtsv7M4_T_le_v4SPD16_eabi.lib : copy_decompress_none.c.obj (.text:decompress:none:__TI_decompress_none)
                  0000682e    00000002     --HOLE-- [fill = 0]
                  00006830    0000000e     sysbios.aem4f : BIOS.obj (.text:ti_sysbios_knl_Idle_loop__E)
                  0000683e    00000002     --HOLE-- [fill = 0]
                  00006840    0000000e                   : BIOS.obj (.text:ti_sysbios_knl_Queue_empty__E)
                  0000684e    00000002     --HOLE-- [fill = 0]
                  00006850    0000000c     app_pem4f.oem4f (.text:.bootCodeSection:ti_catalog_arm_cortexm4_tiva_ce_Boot_init__I)
                  0000685c    0000000c     rtsv7M4_T_le_v4SPD16_eabi.lib : _lock.c.obj (.text:_register_lock)
                  00006868    0000000c                                   : _lock.c.obj (.text:_register_unlock)
                  00006874    0000000c                                   : copy_zero_init.c.obj (.text:decompress:ZI:__TI_zero_init)
                  00006880    0000000c     sysbios.aem4f : BIOS.obj (.text:ti_sysbios_family_arm_lm4_Timer_getMaxTicks__E)
                  0000688c    00000004     --HOLE-- [fill = 0]
                  00006890    0000000c                   : BIOS.obj (.text:ti_sysbios_family_arm_lm4_TimestampProvider_startTimer__E)
                  0000689c    00000004     --HOLE-- [fill = 0]
                  000068a0    0000000c                   : BIOS.obj (.text:ti_sysbios_family_arm_m3_Hwi_disableFxn__E)
                  000068ac    00000004     --HOLE-- [fill = 0]
                  000068b0    0000000c                   : BIOS.obj (.text:ti_sysbios_family_arm_m3_TaskSupport_checkStack__E)
                  000068bc    00000004     --HOLE-- [fill = 0]
                  000068c0    0000000c                   : BIOS.obj (.text:ti_sysbios_family_arm_m3_TaskSupport_getStackAlignment__E)
                  000068cc    00000004     --HOLE-- [fill = 0]
                  000068d0    0000000c                   : BIOS.obj (.text:ti_sysbios_gates_GateHwi_enter__E)
                  000068dc    0000000c     app_pem4f.oem4f (.text:ti_sysbios_knl_Queue_Object__get__S)
                  000068e8    0000000c     ti.targets.arm.rtsarm.aem4f : Gate.oem4f (.text:xdc_runtime_Gate_enterSystem__E)
                  000068f4    0000000c                                 : Memory.oem4f (.text:xdc_runtime_Memory_calloc__E)
                  00006900    0000000c                                 : Memory.oem4f (.text:xdc_runtime_Memory_getMaxDefaultTypeAlign__E)
                  0000690c    0000000c                                 : Startup.oem4f (.text:xdc_runtime_Startup_rtsDone__E)
                  00006918    0000000a     app_pem4f.oem4f (.text:xdc_runtime_IHeap_alloc)
                  00006922    0000000a     app_pem4f.oem4f (.text:xdc_runtime_IHeap_free)
                  0000692c    0000000a     ti.targets.arm.rtsarm.aem4f : LoggerBuf.oem4f (.text:xdc_runtime_LoggerBuf_disable__E)
                  00006936    0000000a                                 : LoggerBuf.oem4f (.text:xdc_runtime_LoggerBuf_enable__E)
                  00006940    00000008     sysbios.aem4f : BIOS.obj (.text:ti_sysbios_family_arm_lm4_Timer_masterDisable__I)
                  00006948    00000008                   : BIOS.obj (.text:ti_sysbios_family_arm_m3_Hwi_doSwiRestore__I)
                  00006950    00000008                   : BIOS.obj (.text:ti_sysbios_family_arm_m3_Hwi_startup__E)
                  00006958    00000006                   : BIOS.obj (.text:ti_sysbios_family_arm_lm4_TimestampProvider_Module_startup__E)
                  0000695e    00000002     --HOLE-- [fill = 0]
                  00006960    00000006                   : BIOS.obj (.text:ti_sysbios_family_arm_m3_Hwi_doTaskRestore__I)
                  00006966    00000002     --HOLE-- [fill = 0]
                  00006968    00000006                   : BIOS.obj (.text:ti_sysbios_family_arm_m3_Hwi_restoreFxn__E)
                  0000696e    00000002     --HOLE-- [fill = 0]
                  00006970    00000006                   : BIOS.obj (.text:ti_sysbios_gates_GateHwi_leave__E)
                  00006976    00000002     --HOLE-- [fill = 0]
                  00006978    00000006                   : BIOS.obj (.text:ti_sysbios_heaps_HeapMem_isBlocking__E)
                  0000697e    00000002     --HOLE-- [fill = 0]
                  00006980    00000006                   : BIOS.obj (.text:ti_sysbios_knl_Queue_Instance_init__E)
                  00006986    00000002     --HOLE-- [fill = 0]
                  00006988    00000006                   : BIOS.obj (.text:ti_sysbios_knl_Swi_startup__E)
                  0000698e    00000006     ti.targets.arm.rtsarm.aem4f : System.oem4f (.text:xdc_runtime_System_Module_startup__E)
                  00006994    00000004     --HOLE-- [fill = 0]
                  00006998    00000004     sysbios.aem4f : BIOS.obj (.text:ti_sysbios_family_arm_lm4_Timer_getPeriod__E)
                  0000699c    00000004     --HOLE-- [fill = 0]
                  000069a0    00000004                   : BIOS.obj (.text:ti_sysbios_gates_GateHwi_query__E)
                  000069a4    00000004     --HOLE-- [fill = 0]
                  000069a8    00000004                   : BIOS.obj (.text:ti_sysbios_gates_GateMutex_query__E)
                  000069ac    00000004     --HOLE-- [fill = 0]
                  000069b0    00000004                   : BIOS.obj (.text:ti_sysbios_knl_Task_startup__E)
                  000069b4    00000004     --HOLE-- [fill = 0]
                  000069b8    00000002                   : BIOS.obj (.text:ti_sysbios_BIOS_linkedWithIncorrectBootLibrary__E)
                  000069ba    00000006     --HOLE-- [fill = 0]
                  000069c0    00000002                   : BIOS.obj (.text:ti_sysbios_gates_GateHwi_Instance_init__E)

.const     0    000069c4    000029ad     
                  000069c4    00002200     app_pem4f.oem4f (.const:xdc_runtime_Text_charTab__A)
                  00008bc4    00000114     app_pem4f.oem4f (.const:xdc_runtime_Text_nodeTab__A)
                  00008cd8    00000060     app_pem4f.oem4f (.const:ti_uia_loggers_LoggerStopMode_Module__FXNS__C)
                  00008d38    00000044     app_pem4f.oem4f (.const:ti_sysbios_knl_Task_Object__PARAMS__C)
                  00008d7c    0000003c     app_pem4f.oem4f (.const:xdc_runtime_LoggerBuf_Module__FXNS__C)
                  00008db8    00000030     app_pem4f.oem4f (.const:xdc_runtime_Startup_sfxnTab__A)
                  00008de8    00000028     app_pem4f.oem4f (.const:ti_sysbios_heaps_HeapMem_Module__FXNS__C)
                  00008e10    00000028     app_pem4f.oem4f (.const:ti_uia_loggers_LoggerStopMode_Object__PARAMS__C)
                  00008e38    00000024     app_pem4f.oem4f (.const:ti_sysbios_gates_GateHwi_Module__FXNS__C)
                  00008e5c    00000024     app_pem4f.oem4f (.const:ti_sysbios_gates_GateMutex_Module__FXNS__C)
                  00008e80    00000024     app_pem4f.oem4f (.const:ti_sysbios_heaps_HeapMem_Object__PARAMS__C)
                  00008ea4    00000024     app_pem4f.oem4f (.const:ti_sysbios_knl_Semaphore_Object__PARAMS__C)
                  00008ec8    00000024     app_pem4f.oem4f (.const:xdc_runtime_LoggerBuf_Object__PARAMS__C)
                  00008eec    00000020     app_pem4f.oem4f (.const:ti_sysbios_gates_GateHwi_Object__DESC__C)
                  00008f0c    00000020     app_pem4f.oem4f (.const:ti_sysbios_gates_GateMutex_Object__DESC__C)
                  00008f2c    00000020     app_pem4f.oem4f (.const:ti_sysbios_heaps_HeapMem_Object__DESC__C)
                  00008f4c    00000020     app_pem4f.oem4f (.const:ti_sysbios_knl_Queue_Object__DESC__C)
                  00008f6c    00000020     app_pem4f.oem4f (.const:ti_sysbios_knl_Semaphore_Object__DESC__C)
                  00008f8c    00000020     app_pem4f.oem4f (.const:ti_sysbios_knl_Task_Object__DESC__C)
                  00008fac    00000020     app_pem4f.oem4f (.const:ti_uia_loggers_LoggerStopMode_Object__DESC__C)
                  00008fcc    00000020     app_pem4f.oem4f (.const:xdc_runtime_LoggerBuf_Object__DESC__C)
                  00008fec    00000018     app_pem4f.oem4f (.const:ti_sysbios_gates_GateHwi_Object__PARAMS__C)
                  00009004    00000018     app_pem4f.oem4f (.const:ti_sysbios_gates_GateMutex_Object__PARAMS__C)
                  0000901c    00000018     app_pem4f.oem4f (.const:ti_sysbios_knl_Queue_Object__PARAMS__C)
                  00009034    00000018     app_pem4f.oem4f (.const:xdc_runtime_Startup_sfxnRts__A)
                  0000904c    00000014     app_pem4f.oem4f (.const:xdc_runtime_Startup_firstFxns__A)
                  00009060    00000008     app_pem4f.oem4f (.const:ti_sysbios_family_arm_m3_Hwi_excHookFuncs__A)
                  00009068    00000008     app_pem4f.oem4f (.const:ti_sysbios_knl_Idle_funcList__A)
                  00009070    00000008     app_pem4f.oem4f (.const:ti_sysbios_knl_Idle_funcList__C)
                  00009078    00000008     app_pem4f.oem4f (.const:xdc_runtime_Startup_firstFxns__C)
                  00009080    00000008     app_pem4f.oem4f (.const:xdc_runtime_Startup_lastFxns__C)
                  00009088    00000004     app_pem4f.oem4f (.const:ti_catalog_arm_cortexm4_tiva_ce_Boot_A_mustUseEnhancedClockMode__C)
                  0000908c    00000004     app_pem4f.oem4f (.const:ti_catalog_arm_cortexm4_tiva_ce_Boot_Module__diagsEnabled__C)
                  00009090    00000004     app_pem4f.oem4f (.const:ti_catalog_arm_cortexm4_tiva_ce_Boot_Module__diagsIncluded__C)
                  00009094    00000004     app_pem4f.oem4f (.const:ti_catalog_arm_cortexm4_tiva_ce_Boot_Module__diagsMask__C)
                  00009098    00000004     app_pem4f.oem4f (.const:ti_sysbios_family_arm_lm4_Timer_enableFunc__C)
                  0000909c    00000004     app_pem4f.oem4f (.const:ti_sysbios_family_arm_lm4_Timer_numTimerDevices__C)
                  000090a0    00000004     app_pem4f.oem4f (.const:ti_sysbios_family_arm_lm4_Timer_startupNeeded__C)
                  000090a4    00000004     app_pem4f.oem4f (.const:ti_sysbios_family_arm_m3_Hwi_E_NMI__C)
                  000090a8    00000004     app_pem4f.oem4f (.const:ti_sysbios_family_arm_m3_Hwi_E_busFault__C)
                  000090ac    00000004     app_pem4f.oem4f (.const:ti_sysbios_family_arm_m3_Hwi_E_debugMon__C)
                  000090b0    00000004     app_pem4f.oem4f (.const:ti_sysbios_family_arm_m3_Hwi_E_hardFault__C)
                  000090b4    00000004     app_pem4f.oem4f (.const:ti_sysbios_family_arm_m3_Hwi_E_memFault__C)
                  000090b8    00000004     app_pem4f.oem4f (.const:ti_sysbios_family_arm_m3_Hwi_E_noIsr__C)
                  000090bc    00000004     app_pem4f.oem4f (.const:ti_sysbios_family_arm_m3_Hwi_E_reserved__C)
                  000090c0    00000004     app_pem4f.oem4f (.const:ti_sysbios_family_arm_m3_Hwi_E_svCall__C)
                  000090c4    00000004     app_pem4f.oem4f (.const:ti_sysbios_family_arm_m3_Hwi_E_usageFault__C)
                  000090c8    00000004     app_pem4f.oem4f (.const:ti_sysbios_family_arm_m3_Hwi_LD_end__C)
                  000090cc    00000004     app_pem4f.oem4f (.const:ti_sysbios_family_arm_m3_Hwi_LM_begin__C)
                  000090d0    00000004     app_pem4f.oem4f (.const:ti_sysbios_family_arm_m3_Hwi_Module__diagsEnabled__C)
                  000090d4    00000004     app_pem4f.oem4f (.const:ti_sysbios_family_arm_m3_Hwi_Module__diagsIncluded__C)
                  000090d8    00000004     app_pem4f.oem4f (.const:ti_sysbios_family_arm_m3_Hwi_Module__diagsMask__C)
                  000090dc    00000004     app_pem4f.oem4f (.const:ti_sysbios_family_arm_m3_Hwi_Module__loggerFxn1__C)
                  000090e0    00000004     app_pem4f.oem4f (.const:ti_sysbios_family_arm_m3_Hwi_Module__loggerFxn8__C)
                  000090e4    00000004     app_pem4f.oem4f (.const:ti_sysbios_family_arm_m3_Hwi_Module__loggerObj__C)
                  000090e8    00000004     app_pem4f.oem4f (.const:ti_sysbios_family_arm_m3_Hwi_NUM_INTERRUPTS__C)
                  000090ec    00000004     app_pem4f.oem4f (.const:ti_sysbios_family_arm_m3_Hwi_Object__count__C)
                  000090f0    00000004     app_pem4f.oem4f (.const:ti_sysbios_family_arm_m3_Hwi_ccr__C)
                  000090f4    00000004     app_pem4f.oem4f (.const:ti_sysbios_family_arm_m3_Hwi_excHandlerFunc__C)
                  000090f8    00000004     app_pem4f.oem4f (.const:ti_sysbios_family_arm_m3_Hwi_excHookFuncs__C)
                  000090fc    00000004     app_pem4f.oem4f (.const:ti_sysbios_family_arm_m3_Hwi_nullIsrFunc__C)
                  00009100    00000004     app_pem4f.oem4f (.const:ti_sysbios_family_arm_m3_Hwi_priGroup__C)
                  00009104    00000004     app_pem4f.oem4f (.const:ti_sysbios_family_arm_m3_TaskSupport_stackAlignment__C)
                  00009108    00000004     app_pem4f.oem4f (.const:ti_sysbios_gates_GateMutex_A_badContext__C)
                  0000910c    00000004     app_pem4f.oem4f (.const:ti_sysbios_gates_GateMutex_Instance_State_sem__O)
                  00009110    00000004     app_pem4f.oem4f (.const:ti_sysbios_gates_GateMutex_Module__diagsEnabled__C)
                  00009114    00000004     app_pem4f.oem4f (.const:ti_sysbios_gates_GateMutex_Module__diagsIncluded__C)
                  00009118    00000004     app_pem4f.oem4f (.const:ti_sysbios_gates_GateMutex_Module__diagsMask__C)
                  0000911c    00000004     app_pem4f.oem4f (.const:ti_sysbios_hal_Hwi_E_stackOverflow__C)
                  00009120    00000004     app_pem4f.oem4f (.const:ti_sysbios_heaps_HeapMem_A_align__C)
                  00009124    00000004     app_pem4f.oem4f (.const:ti_sysbios_heaps_HeapMem_A_heapSize__C)
                  00009128    00000004     app_pem4f.oem4f (.const:ti_sysbios_heaps_HeapMem_A_invalidFree__C)
                  0000912c    00000004     app_pem4f.oem4f (.const:ti_sysbios_heaps_HeapMem_A_zeroBlock__C)
                  00009130    00000004     app_pem4f.oem4f (.const:ti_sysbios_heaps_HeapMem_E_memory__C)
                  00009134    00000004     app_pem4f.oem4f (.const:ti_sysbios_heaps_HeapMem_Module__diagsEnabled__C)
                  00009138    00000004     app_pem4f.oem4f (.const:ti_sysbios_heaps_HeapMem_Module__diagsIncluded__C)
                  0000913c    00000004     app_pem4f.oem4f (.const:ti_sysbios_heaps_HeapMem_Module__diagsMask__C)
                  00009140    00000004     app_pem4f.oem4f (.const:ti_sysbios_heaps_HeapMem_Module__gateObj__C)
                  00009144    00000004     app_pem4f.oem4f (.const:ti_sysbios_heaps_HeapMem_Object__count__C)
                  00009148    00000004     app_pem4f.oem4f (.const:ti_sysbios_heaps_HeapMem_reqAlign__C)
                  0000914c    00000004     app_pem4f.oem4f (.const:ti_sysbios_knl_Clock_LM_begin__C)
                  00009150    00000004     app_pem4f.oem4f (.const:ti_sysbios_knl_Clock_LM_tick__C)
                  00009154    00000004     app_pem4f.oem4f (.const:ti_sysbios_knl_Clock_LW_delayed__C)
                  00009158    00000004     app_pem4f.oem4f (.const:ti_sysbios_knl_Clock_Module_State_clockQ__O)
                  0000915c    00000004     app_pem4f.oem4f (.const:ti_sysbios_knl_Clock_Module__diagsEnabled__C)
                  00009160    00000004     app_pem4f.oem4f (.const:ti_sysbios_knl_Clock_Module__diagsIncluded__C)
                  00009164    00000004     app_pem4f.oem4f (.const:ti_sysbios_knl_Clock_Module__diagsMask__C)
                  00009168    00000004     app_pem4f.oem4f (.const:ti_sysbios_knl_Clock_Module__loggerFxn1__C)
                  0000916c    00000004     app_pem4f.oem4f (.const:ti_sysbios_knl_Clock_Module__loggerFxn2__C)
                  00009170    00000004     app_pem4f.oem4f (.const:ti_sysbios_knl_Clock_Module__loggerObj__C)
                  00009174    00000004     app_pem4f.oem4f (.const:ti_sysbios_knl_Mailbox_Instance_State_freeQue__O)
                  00009178    00000004     app_pem4f.oem4f (.const:ti_sysbios_knl_Mailbox_Object__count__C)
                  0000917c    00000004     app_pem4f.oem4f (.const:ti_sysbios_knl_Mailbox_maxTypeAlign__C)
                  00009180    00000004     app_pem4f.oem4f (.const:ti_sysbios_knl_Semaphore_A_badContext__C)
                  00009184    00000004     app_pem4f.oem4f (.const:ti_sysbios_knl_Semaphore_A_noEvents__C)
                  00009188    00000004     app_pem4f.oem4f (.const:ti_sysbios_knl_Semaphore_A_overflow__C)
                  0000918c    00000004     app_pem4f.oem4f (.const:ti_sysbios_knl_Semaphore_A_pendTaskDisabled__C)
                  00009190    00000004     app_pem4f.oem4f (.const:ti_sysbios_knl_Semaphore_Instance_State_pendQ__O)
                  00009194    00000004     app_pem4f.oem4f (.const:ti_sysbios_knl_Semaphore_LM_pend__C)
                  00009198    00000004     app_pem4f.oem4f (.const:ti_sysbios_knl_Semaphore_LM_post__C)
                  0000919c    00000004     app_pem4f.oem4f (.const:ti_sysbios_knl_Semaphore_Module__diagsEnabled__C)
                  000091a0    00000004     app_pem4f.oem4f (.const:ti_sysbios_knl_Semaphore_Module__diagsIncluded__C)
                  000091a4    00000004     app_pem4f.oem4f (.const:ti_sysbios_knl_Semaphore_Module__diagsMask__C)
                  000091a8    00000004     app_pem4f.oem4f (.const:ti_sysbios_knl_Semaphore_Module__loggerFxn2__C)
                  000091ac    00000004     app_pem4f.oem4f (.const:ti_sysbios_knl_Semaphore_Module__loggerFxn4__C)
                  000091b0    00000004     app_pem4f.oem4f (.const:ti_sysbios_knl_Semaphore_Module__loggerObj__C)
                  000091b4    00000004     app_pem4f.oem4f (.const:ti_sysbios_knl_Swi_LD_end__C)
                  000091b8    00000004     app_pem4f.oem4f (.const:ti_sysbios_knl_Swi_LM_begin__C)
                  000091bc    00000004     app_pem4f.oem4f (.const:ti_sysbios_knl_Swi_LM_post__C)
                  000091c0    00000004     app_pem4f.oem4f (.const:ti_sysbios_knl_Swi_Module__diagsEnabled__C)
                  000091c4    00000004     app_pem4f.oem4f (.const:ti_sysbios_knl_Swi_Module__diagsIncluded__C)
                  000091c8    00000004     app_pem4f.oem4f (.const:ti_sysbios_knl_Swi_Module__diagsMask__C)
                  000091cc    00000004     app_pem4f.oem4f (.const:ti_sysbios_knl_Swi_Module__loggerFxn1__C)
                  000091d0    00000004     app_pem4f.oem4f (.const:ti_sysbios_knl_Swi_Module__loggerFxn4__C)
                  000091d4    00000004     app_pem4f.oem4f (.const:ti_sysbios_knl_Swi_Module__loggerObj__C)
                  000091d8    00000004     app_pem4f.oem4f (.const:ti_sysbios_knl_Swi_Object__count__C)
                  000091dc    00000004     app_pem4f.oem4f (.const:ti_sysbios_knl_Task_A_badPriority__C)
                  000091e0    00000004     app_pem4f.oem4f (.const:ti_sysbios_knl_Task_A_badTaskState__C)
                  000091e4    00000004     app_pem4f.oem4f (.const:ti_sysbios_knl_Task_A_badThreadType__C)
                  000091e8    00000004     app_pem4f.oem4f (.const:ti_sysbios_knl_Task_A_badTimeout__C)
                  000091ec    00000004     app_pem4f.oem4f (.const:ti_sysbios_knl_Task_A_noPendElem__C)
                  000091f0    00000004     app_pem4f.oem4f (.const:ti_sysbios_knl_Task_A_sleepTaskDisabled__C)
                  000091f4    00000004     app_pem4f.oem4f (.const:ti_sysbios_knl_Task_E_spOutOfBounds__C)
                  000091f8    00000004     app_pem4f.oem4f (.const:ti_sysbios_knl_Task_E_stackOverflow__C)
                  000091fc    00000004     app_pem4f.oem4f (.const:ti_sysbios_knl_Task_LD_block__C)
                  00009200    00000004     app_pem4f.oem4f (.const:ti_sysbios_knl_Task_LD_exit__C)
                  00009204    00000004     app_pem4f.oem4f (.const:ti_sysbios_knl_Task_LD_ready__C)
                  00009208    00000004     app_pem4f.oem4f (.const:ti_sysbios_knl_Task_LM_sleep__C)
                  0000920c    00000004     app_pem4f.oem4f (.const:ti_sysbios_knl_Task_LM_switch__C)
                  00009210    00000004     app_pem4f.oem4f (.const:ti_sysbios_knl_Task_Module_State_inactiveQ__O)
                  00009214    00000004     app_pem4f.oem4f (.const:ti_sysbios_knl_Task_Module__diagsEnabled__C)
                  00009218    00000004     app_pem4f.oem4f (.const:ti_sysbios_knl_Task_Module__diagsIncluded__C)
                  0000921c    00000004     app_pem4f.oem4f (.const:ti_sysbios_knl_Task_Module__diagsMask__C)
                  00009220    00000004     app_pem4f.oem4f (.const:ti_sysbios_knl_Task_Module__loggerFxn2__C)
                  00009224    00000004     app_pem4f.oem4f (.const:ti_sysbios_knl_Task_Module__loggerFxn4__C)
                  00009228    00000004     app_pem4f.oem4f (.const:ti_sysbios_knl_Task_Module__loggerObj__C)
                  0000922c    00000004     app_pem4f.oem4f (.const:ti_sysbios_knl_Task_Object__count__C)
                  00009230    00000004     app_pem4f.oem4f (.const:ti_sysbios_knl_Task_allBlockedFunc__C)
                  00009234    00000004     app_pem4f.oem4f (.const:ti_sysbios_knl_Task_defaultStackHeap__C)
                  00009238    00000004     app_pem4f.oem4f (.const:ti_sysbios_knl_Task_defaultStackSize__C)
                  0000923c    00000004     app_pem4f.oem4f (.const:ti_sysbios_knl_Task_numConstructedTasks__C)
                  00009240    00000004     app_pem4f.oem4f (.const:ti_sysbios_utils_Load_LS_cpuLoad__C)
                  00009244    00000004     app_pem4f.oem4f (.const:ti_sysbios_utils_Load_Module__diagsEnabled__C)
                  00009248    00000004     app_pem4f.oem4f (.const:ti_sysbios_utils_Load_Module__diagsIncluded__C)
                  0000924c    00000004     app_pem4f.oem4f (.const:ti_sysbios_utils_Load_Module__diagsMask__C)
                  00009250    00000004     app_pem4f.oem4f (.const:ti_sysbios_utils_Load_Module__loggerFxn1__C)
                  00009254    00000004     app_pem4f.oem4f (.const:ti_sysbios_utils_Load_Module__loggerObj__C)
                  00009258    00000004     app_pem4f.oem4f (.const:ti_sysbios_utils_Load_postUpdate__C)
                  0000925c    00000004     app_pem4f.oem4f (.const:ti_sysbios_utils_Load_windowInMs__C)
                  00009260    00000004     app_pem4f.oem4f (.const:ti_uia_events_UIABenchmark_start__C)
                  00009264    00000004     app_pem4f.oem4f (.const:ti_uia_events_UIABenchmark_stop__C)
                  00009268    00000004     app_pem4f.oem4f (.const:ti_uia_loggers_LoggerStopMode_Module__diagsEnabled__C)
                  0000926c    00000004     app_pem4f.oem4f (.const:ti_uia_loggers_LoggerStopMode_Module__diagsIncluded__C)
                  00009270    00000004     app_pem4f.oem4f (.const:ti_uia_loggers_LoggerStopMode_Module__diagsMask__C)
                  00009274    00000004     app_pem4f.oem4f (.const:ti_uia_loggers_LoggerStopMode_Object__count__C)
                  00009278    00000004     app_pem4f.oem4f (.const:ti_uia_runtime_ILoggerSnapshot_Interface__BASE__C)
                  0000927c    00000004     app_pem4f.oem4f (.const:ti_uia_runtime_IUIATransfer_Interface__BASE__C)
                  00009280    00000004     app_pem4f.oem4f (.const:xdc_runtime_Assert_E_assertFailed__C)
                  00009284    00000004     app_pem4f.oem4f (.const:xdc_runtime_Core_A_initializedParams__C)
                  00009288    00000004     app_pem4f.oem4f (.const:xdc_runtime_Core_Module__diagsEnabled__C)
                  0000928c    00000004     app_pem4f.oem4f (.const:xdc_runtime_Core_Module__diagsIncluded__C)
                  00009290    00000004     app_pem4f.oem4f (.const:xdc_runtime_Core_Module__diagsMask__C)
                  00009294    00000004     app_pem4f.oem4f (.const:xdc_runtime_Error_E_memory__C)
                  00009298    00000004     app_pem4f.oem4f (.const:xdc_runtime_Error_Module__diagsEnabled__C)
                  0000929c    00000004     app_pem4f.oem4f (.const:xdc_runtime_Error_Module__diagsIncluded__C)
                  000092a0    00000004     app_pem4f.oem4f (.const:xdc_runtime_Error_Module__diagsMask__C)
                  000092a4    00000004     app_pem4f.oem4f (.const:xdc_runtime_Error_Module__loggerFxn8__C)
                  000092a8    00000004     app_pem4f.oem4f (.const:xdc_runtime_Error_Module__loggerObj__C)
                  000092ac    00000004     app_pem4f.oem4f (.const:xdc_runtime_Error_policyFxn__C)
                  000092b0    00000004     app_pem4f.oem4f (.const:xdc_runtime_Error_raiseHook__C)
                  000092b4    00000004     app_pem4f.oem4f (.const:xdc_runtime_IFilterLogger_Interface__BASE__C)
                  000092b8    00000004     app_pem4f.oem4f (.const:xdc_runtime_IGateProvider_Interface__BASE__C)
                  000092bc    00000004     app_pem4f.oem4f (.const:xdc_runtime_IHeap_Interface__BASE__C)
                  000092c0    00000004     app_pem4f.oem4f (.const:xdc_runtime_ILogger_Interface__BASE__C)
                  000092c4    00000004     app_pem4f.oem4f (.const:xdc_runtime_IModule_Interface__BASE__C)
                  000092c8    00000004     app_pem4f.oem4f (.const:xdc_runtime_Log_L_error__C)
                  000092cc    00000004     app_pem4f.oem4f (.const:xdc_runtime_LoggerBuf_E_badLevel__C)
                  000092d0    00000004     app_pem4f.oem4f (.const:xdc_runtime_LoggerBuf_Module__gateObj__C)
                  000092d4    00000004     app_pem4f.oem4f (.const:xdc_runtime_LoggerBuf_Object__count__C)
                  000092d8    00000004     app_pem4f.oem4f (.const:xdc_runtime_LoggerBuf_statusLogger__C)
                  000092dc    00000004     app_pem4f.oem4f (.const:xdc_runtime_Main_Module__diagsEnabled__C)
                  000092e0    00000004     app_pem4f.oem4f (.const:xdc_runtime_Main_Module__diagsIncluded__C)
                  000092e4    00000004     app_pem4f.oem4f (.const:xdc_runtime_Main_Module__diagsMask__C)
                  000092e8    00000004     app_pem4f.oem4f (.const:xdc_runtime_Main_Module__loggerFxn1__C)
                  000092ec    00000004     app_pem4f.oem4f (.const:xdc_runtime_Main_Module__loggerObj__C)
                  000092f0    00000004     app_pem4f.oem4f (.const:xdc_runtime_Memory_defaultHeapInstance__C)
                  000092f4    00000004     app_pem4f.oem4f (.const:xdc_runtime_Startup_execImpl__C)
                  000092f8    00000004     app_pem4f.oem4f (.const:xdc_runtime_Startup_lastFxns__A)
                  000092fc    00000004     app_pem4f.oem4f (.const:xdc_runtime_Startup_maxPasses__C)
                  00009300    00000004     app_pem4f.oem4f (.const:xdc_runtime_Startup_sfxnRts__C)
                  00009304    00000004     app_pem4f.oem4f (.const:xdc_runtime_Startup_sfxnTab__C)
                  00009308    00000004     app_pem4f.oem4f (.const:xdc_runtime_SysMin_bufSize__C)
                  0000930c    00000004     app_pem4f.oem4f (.const:xdc_runtime_SysMin_outputFunc__C)
                  00009310    00000004     app_pem4f.oem4f (.const:xdc_runtime_System_Module__gateObj__C)
                  00009314    00000004     app_pem4f.oem4f (.const:xdc_runtime_System_abortFxn__C)
                  00009318    00000004     app_pem4f.oem4f (.const:xdc_runtime_System_exitFxn__C)
                  0000931c    00000004     app_pem4f.oem4f (.const:xdc_runtime_System_extendFxn__C)
                  00009320    00000004     app_pem4f.oem4f (.const:xdc_runtime_System_maxAtexitHandlers__C)
                  00009324    00000004     app_pem4f.oem4f (.const:xdc_runtime_Text_charTab__C)
                  00009328    00000004     app_pem4f.oem4f (.const:xdc_runtime_Text_nodeTab__C)
                  0000932c    00000004     app_pem4f.oem4f (.const:xdc_runtime_Text_visitRopeFxn__C)
                  00009330    00000002     app_pem4f.oem4f (.const:ti_catalog_arm_cortexm4_tiva_ce_Boot_Module__id__C)
                  00009332    00000002     app_pem4f.oem4f (.const:ti_sysbios_family_arm_lm4_TimestampProvider_useClockTimer__C)
                  00009334    00000002     app_pem4f.oem4f (.const:ti_sysbios_family_arm_m3_Hwi_Module__id__C)
                  00009336    00000002     app_pem4f.oem4f (.const:ti_sysbios_family_arm_m3_Hwi_Module__loggerDefined__C)
                  00009338    00000002     app_pem4f.oem4f (.const:ti_sysbios_gates_GateMutex_Module__id__C)
                  0000933a    00000002     app_pem4f.oem4f (.const:ti_sysbios_hal_Hwi_Module__id__C)
                  0000933c    00000002     app_pem4f.oem4f (.const:ti_sysbios_heaps_HeapMem_Module__id__C)
                  0000933e    00000002     app_pem4f.oem4f (.const:ti_sysbios_knl_Clock_Module__id__C)
                  00009340    00000002     app_pem4f.oem4f (.const:ti_sysbios_knl_Clock_Module__loggerDefined__C)
                  00009342    00000002     app_pem4f.oem4f (.const:ti_sysbios_knl_Semaphore_Module__id__C)
                  00009344    00000002     app_pem4f.oem4f (.const:ti_sysbios_knl_Semaphore_Module__loggerDefined__C)
                  00009346    00000002     app_pem4f.oem4f (.const:ti_sysbios_knl_Swi_Module__id__C)
                  00009348    00000002     app_pem4f.oem4f (.const:ti_sysbios_knl_Swi_Module__loggerDefined__C)
                  0000934a    00000002     app_pem4f.oem4f (.const:ti_sysbios_knl_Task_Module__id__C)
                  0000934c    00000002     app_pem4f.oem4f (.const:ti_sysbios_knl_Task_Module__loggerDefined__C)
                  0000934e    00000002     app_pem4f.oem4f (.const:ti_sysbios_utils_Load_Module__id__C)
                  00009350    00000002     app_pem4f.oem4f (.const:ti_sysbios_utils_Load_Module__loggerDefined__C)
                  00009352    00000002     app_pem4f.oem4f (.const:ti_sysbios_utils_Load_updateInIdle__C)
                  00009354    00000002     app_pem4f.oem4f (.const:ti_uia_loggers_LoggerStopMode_Module__id__C)
                  00009356    00000002     app_pem4f.oem4f (.const:ti_uia_loggers_LoggerStopMode_isTimestampEnabled__C)
                  00009358    00000002     app_pem4f.oem4f (.const:xdc_runtime_Core_Module__id__C)
                  0000935a    00000002     app_pem4f.oem4f (.const:xdc_runtime_Error_Module__loggerDefined__C)
                  0000935c    00000002     app_pem4f.oem4f (.const:xdc_runtime_Error_maxDepth__C)
                  0000935e    00000002     app_pem4f.oem4f (.const:xdc_runtime_LoggerBuf_Module__id__C)
                  00009360    00000002     app_pem4f.oem4f (.const:xdc_runtime_LoggerBuf_filterByLevel__C)
                  00009362    00000002     app_pem4f.oem4f (.const:xdc_runtime_Main_Module__id__C)
                  00009364    00000002     app_pem4f.oem4f (.const:xdc_runtime_Main_Module__loggerDefined__C)
                  00009366    00000002     app_pem4f.oem4f (.const:xdc_runtime_Memory_Module__id__C)
                  00009368    00000002     app_pem4f.oem4f (.const:xdc_runtime_SysMin_flushAtExit__C)
                  0000936a    00000002     app_pem4f.oem4f (.const:xdc_runtime_Text_isLoaded__C)
                  0000936c    00000002     app_pem4f.oem4f (.const:xdc_runtime_Text_registryModsLastId__C)
                  0000936e    00000002     app_pem4f.oem4f (.const:xdc_runtime_Text_unnamedModsLastId__C)
                  00009370    00000001     app_pem4f.oem4f (.const:xdc_runtime_Error_policy__C)

.cinit     0    00009378    00000270     
                  00009378    0000024c     (.cinit..data.load) [load image, compression = lzss]
                  000095c4    0000000c     (__TI_handler_table)
                  000095d0    00000008     (.cinit..bss.load) [load image, compression = zero_init]
                  000095d8    00000010     (__TI_cinit_table)

.init_array 
*          0    00000000    00000000     UNINITIALIZED

.bss       0    20000380    00003c30     UNINITIALIZED
                  20000380    00002000     (.common:ti_sysbios_heaps_HeapMem_Instance_State_0_buf__A)
                  20002380    00000800     app_pem4f.oem4f (.bss:taskStackSection)
                  20002b80    00000400     (.common:ti_uia_loggers_LoggerStopMode_Instance_State_1_packetArray__A)
                  20002f80    00000400     (.common:ti_uia_loggers_LoggerStopMode_Instance_State_2_packetArray__A)
                  20003380    00000360     (.common:ti_sysbios_family_arm_m3_Hwi_dispatchTable)
                  200036e0    00000008     (.common:parmbuf)
                  200036e8    00000004     (.common:task)
                  200036ec    00000014     --HOLE--
                  20003700    00000200     (.common:ti_uia_loggers_LoggerStopMode_Instance_State_0_packetArray__A)
                  20003900    00000200     (.common:xdc_runtime_LoggerBuf_Instance_State_0_entryArr__A)
                  20003b00    00000200     (.common:xdc_runtime_SysMin_Module_State_0_outbuf__A)
                  20003d00    00000120     rtsv7M4_T_le_v4SPD16_eabi.lib : trgmsg.c.obj (.bss:_CIOBUF_)
                  20003e20    00000060     --HOLE--
                  20003e80    00000030     (.common:ti_uia_loggers_LoggerStopMode_Instance_State_0_hdr__A)
                  20003eb0    00000050     --HOLE--
                  20003f00    00000030     (.common:ti_uia_loggers_LoggerStopMode_Instance_State_1_hdr__A)
                  20003f30    00000050     --HOLE--
                  20003f80    00000030     (.common:ti_uia_loggers_LoggerStopMode_Instance_State_2_hdr__A)

.data      0    20003fb0    00000608     UNINITIALIZED
                  20003fb0    0000009c     app_pem4f.oem4f (.data:ti_uia_loggers_LoggerStopMode_Object__table__V)
                  2000404c    00000098     app_pem4f.oem4f (.data:ti_sysbios_utils_Load_Module__state__V)
                  200040e4    00000080     app_pem4f.oem4f (.data:ti_sysbios_family_arm_lm4_Timer_Object__table__V)
                  20004164    00000080     app_pem4f.oem4f (.data:ti_sysbios_knl_Swi_Module_State_0_readyQ__A)
                  200041e4    00000080     app_pem4f.oem4f (.data:ti_sysbios_knl_Task_Module_State_0_readyQ__A)
                  20004264    0000005c     app_pem4f.oem4f (.data:ti_sysbios_knl_Task_Object__table__V)
                  200042c0    00000048     app_pem4f.oem4f (.data:ti_sysbios_knl_Task_Module__state__V)
                  20004308    00000038     app_pem4f.oem4f (.data:ti_sysbios_gates_GateMutex_Object__table__V)
                  20004340    00000034     app_pem4f.oem4f (.data:ti_sysbios_family_arm_m3_Hwi_Module__state__V)
                  20004374    00000030     app_pem4f.oem4f (.data:ti_sysbios_family_arm_lm4_Timer_Module_State_0_device__A)
                  200043a4    00000030     app_pem4f.oem4f (.data:ti_sysbios_family_arm_m3_Hwi_Object__table__V)
                  200043d4    00000030     app_pem4f.oem4f (.data:ti_sysbios_knl_Swi_Object__table__V)
                  20004404    0000002c     app_pem4f.oem4f (.data:ti_sysbios_knl_Clock_Module__state__V)
                  20004430    00000024     app_pem4f.oem4f (.data:ti_sysbios_BIOS_Module__state__V)
                  20004454    00000024     app_pem4f.oem4f (.data:xdc_runtime_LoggerBuf_Object__table__V)
                  20004478    00000020     app_pem4f.oem4f (.data:xdc_runtime_Error_IgnoreBlock)
                  20004498    0000001c     app_pem4f.oem4f (.data:ti_sysbios_knl_Swi_Module__state__V)
                  200044b4    00000018     app_pem4f.oem4f (.data:ti_sysbios_family_arm_lm4_Timer_Module_State_0_handles__A)
                  200044cc    00000018     app_pem4f.oem4f (.data:ti_sysbios_heaps_HeapMem_Object__table__V)
                  200044e4    00000010     app_pem4f.oem4f (.data:xdc_runtime_System_Module_State_0_atexitHandlers__A)
                  200044f4    0000000c     app_pem4f.oem4f (.data:ti_sysbios_family_arm_lm4_Timer_Module__state__V)
                  20004500    0000000c     app_pem4f.oem4f (.data:ti_sysbios_knl_Task_Module__root__V)
                  2000450c    0000000c     app_pem4f.oem4f (.data:ti_uia_runtime_QueueDescriptor_Module__state__V)
                  20004518    0000000c     app_pem4f.oem4f (.data:xdc_runtime_SysMin_Module__state__V)
                  20004524    00000008     rtsv7M4_T_le_v4SPD16_eabi.lib : _lock.c.obj (.data:$O1$$)
                  2000452c    00000008     ti.uia.runtime.aem4f : QueueDescriptor.oem4f (.data)
                  20004534    00000008     app_pem4f.oem4f (.data:ti_sysbios_family_arm_lm4_TimestampProvider_Module__state__V)
                  2000453c    00000008     app_pem4f.oem4f (.data:ti_sysbios_gates_GateHwi_Module__root__V)
                  20004544    00000008     app_pem4f.oem4f (.data:ti_sysbios_gates_GateMutex_Module__root__V)
                  2000454c    00000008     app_pem4f.oem4f (.data:ti_sysbios_heaps_HeapMem_Module__root__V)
                  20004554    00000008     app_pem4f.oem4f (.data:ti_sysbios_knl_Queue_Module__root__V)
                  2000455c    00000008     app_pem4f.oem4f (.data:ti_sysbios_knl_Semaphore_Module__root__V)
                  20004564    00000008     app_pem4f.oem4f (.data:ti_uia_loggers_LoggerStopMode_Module__root__V)
                  2000456c    00000008     app_pem4f.oem4f (.data:xdc_runtime_LoggerBuf_Module__root__V)
                  20004574    00000008     app_pem4f.oem4f (.data:xdc_runtime_Registry_Module__state__V)
                  2000457c    00000008     app_pem4f.oem4f (.data:xdc_runtime_Startup_Module__state__V)
                  20004584    00000008     app_pem4f.oem4f (.data:xdc_runtime_System_Module__state__V)
                  2000458c    00000006     app_pem4f.oem4f (.data:xdc_runtime_LoggerBuf_Module__state__V)
                  20004592    00000002     app_pem4f.oem4f (.data:ti_sysbios_family_arm_m3_Hwi_Module_State_0_excActive__A)
                  20004594    00000004     rtsv7M4_T_le_v4SPD16_eabi.lib : stkdepth_vars.c.obj (.data)
                  20004598    00000004     app_pem4f.oem4f (.data:ti_sysbios_family_arm_m3_Hwi_Module_State_0_excContext__A)
                  2000459c    00000004     app_pem4f.oem4f (.data:ti_sysbios_family_arm_m3_Hwi_Module_State_0_excStack__A)
                  200045a0    00000004     app_pem4f.oem4f (.data:ti_sysbios_gates_GateHwi_Object__table__V)
                  200045a4    00000004     app_pem4f.oem4f (.data:ti_sysbios_knl_Task_Module_State_0_idleTask__A)
                  200045a8    00000004     app_pem4f.oem4f (.data:ti_sysbios_utils_Load_Module_State_0_runningTask__A)
                  200045ac    00000004     app_pem4f.oem4f (.data:ti_sysbios_utils_Load_Module_State_0_taskStartTime__A)
                  200045b0    00000004     app_pem4f.oem4f (.data:xdc_runtime_Memory_Module__state__V)
                  200045b4    00000002     app_pem4f.oem4f (.data:xdc_runtime_Error_Module__state__V)
                  200045b6    00000002     app_pem4f.oem4f (.data:xdc_runtime_Main_Module__root__V)

.stack     0    200045b8    00000400     UNINITIALIZED
                  200045b8    00000400     --HOLE--

.bootVecs 
*          0    00000000    00000008     DSECT
                  00000000    00000008     boot.aem4f : boot.oem4f (.bootVecs)

.resetVecs 
*          0    00000000    0000003c     
                  00000000    0000003c     app_pem4f.oem4f (.resetVecs)

.vecs      0    20000000    00000360     NOLOAD SECTION
                  20000000    00000360     app_pem4f.oem4f (.vecs)

xdc.meta   0    00000000    000000d8     COPY SECTION
                  00000000    000000d8     app_pem4f.oem4f (xdc.meta)

.binit     0    00000000    00000000     

MODULE SUMMARY

       Module                       code    ro data   rw data
       ------                       ----    -------   -------
    .\
       main.obj                     300     0         4      
       computos.obj                 66      0         0      
    +--+----------------------------+-------+---------+---------+
       Total:                       366     0         4      
                                                             
    D:\GoogleDrive\TIVAWorkspace\PR11\Debug\configPkg\package\cfg\
       app_pem4f.oem4f              3498    10729     17220  
    +--+----------------------------+-------+---------+---------+
       Total:                       3498    10729     17220  
                                                             
    ../driverlib.lib
       gpio.obj                     440     0         0      
       sysctl.obj                   52      0         0      
    +--+----------------------------+-------+---------+---------+
       Total:                       492     0         0      
                                                             
    C:\ti\bios_6_76_04_02\packages\ti\catalog\arm\cortexm4\tiva\ce\lib\Boot.aem4f
       Boot_sysctl.oem4f            262     0         0      
       Boot.oem4f                   152     0         0      
    +--+----------------------------+-------+---------+---------+
       Total:                       414     0         0      
                                                             
    C:\ti\bios_6_76_04_02\packages\ti\targets\arm\rtsarm\lib\auto_init.aem4f
       auto_init.oem4f              160     0         0      
    +--+----------------------------+-------+---------+---------+
       Total:                       160     0         0      
                                                             
    C:\ti\bios_6_76_04_02\packages\ti\targets\arm\rtsarm\lib\boot.aem4f
       boot.oem4f                   88      0         0      
    +--+----------------------------+-------+---------+---------+
       Total:                       88      0         0      
                                                             
    C:\ti\bios_6_76_04_02\packages\ti\targets\arm\rtsarm\lib\ti.targets.arm.rtsarm.aem4f
       System.oem4f                 1227    0         0      
       LoggerBuf.oem4f              1092    0         0      
       Text.oem4f                   632     0         0      
       Error.oem4f                  568     0         0      
       Startup.oem4f                340     0         0      
       Core-mem.oem4f               334     0         0      
       SysMin.oem4f                 248     0         0      
       Core-smem.oem4f              204     0         0      
       Memory.oem4f                 180     0         0      
       Assert.oem4f                 76      0         0      
       Core-params.oem4f            72      0         0      
       Gate.oem4f                   28      0         0      
       Registry.oem4f               28      0         0      
    +--+----------------------------+-------+---------+---------+
       Total:                       5029    0         0      
                                                             
    C:\ti\ccs920\ccs\tools\compiler\ti-cgt-arm_18.12.3.LTS\lib\rtsv7M4_T_le_v4SPD16_eabi.lib
       trgmsg.c.obj                 108     0         288    
       memcpy_t2.asm.obj            156     0         0      
       memset_t2.asm.obj            122     0         0      
       copy_decompress_lzss.c.obj   104     0         0      
       hostwrite.c.obj              88      0         0      
       cpy_tbl.c.obj                76      0         0      
       u_divt2.asm.obj              64      0         0      
       _lock.c.obj                  26      0         8      
       args_main.c.obj              24      0         0      
       strlen.c.obj                 20      0         0      
       copy_decompress_none.c.obj   14      0         0      
       copy_zero_init.c.obj         12      0         0      
       hostopen.c.obj               0       0         8      
       exit.c.obj                   4       0         0      
       stkdepth_vars.c.obj          0       0         4      
       div0.asm.obj                 2       0         0      
    +--+----------------------------+-------+---------+---------+
       Total:                       820     0         308    
                                                             
    C:\ti\uia_2_20_00_02\packages\ti\uia\loggers\lib\release\ti.uia.loggers.aem4f
       LoggerStopMode.oem4f         552     0         0      
    +--+----------------------------+-------+---------+---------+
       Total:                       552     0         0      
                                                             
    C:\ti\uia_2_20_00_02\packages\ti\uia\runtime\lib\release\ti.uia.runtime.aem4f
       QueueDescriptor.oem4f        116     0         8      
    +--+----------------------------+-------+---------+---------+
       Total:                       116     0         8      
                                                             
    D:\GoogleDrive\TIVAWorkspace\PR11\src\sysbios\sysbios.aem4f
       BIOS.obj                     14848   0         0      
       m3_Hwi_asm.obj               322     0         0      
       m3_Hwi_asm_switch.obj        118     0         0      
       m3_TaskSupport_asm.obj       44      0         0      
    +--+----------------------------+-------+---------+---------+
       Total:                       15332   0         0      
                                                             
       Stack:                       0       0         1024   
       Linker Generated:            0       624       0      
    +--+----------------------------+-------+---------+---------+
       Grand Total:                 26867   11353     18564  


LINKER GENERATED COPY TABLES

__TI_cinit_table @ 000095d8 records: 2, size/record: 8, table size: 16
[...]
000090fc  ti_sysbios_family_arm_m3_Hwi_nullIsrFunc__C                       
00009100  ti_sysbios_family_arm_m3_Hwi_priGroup__C                          
00009104  ti_sysbios_family_arm_m3_TaskSupport_stackAlignment__C            
00009108  ti_sysbios_gates_GateMutex_A_badContext__C                        
0000910c  ti_sysbios_gates_GateMutex_Instance_State_sem__O                  
00009110  ti_sysbios_gates_GateMutex_Module__diagsEnabled__C                
00009114  ti_sysbios_gates_GateMutex_Module__diagsIncluded__C               
00009118  ti_sysbios_gates_GateMutex_Module__diagsMask__C                   
0000911c  ti_sysbios_hal_Hwi_E_stackOverflow__C                             
00009120  ti_sysbios_heaps_HeapMem_A_align__C                               
00009124  ti_sysbios_heaps_HeapMem_A_heapSize__C                            
00009128  ti_sysbios_heaps_HeapMem_A_invalidFree__C                         
0000912c  ti_sysbios_heaps_HeapMem_A_zeroBlock__C                           
00009130  ti_sysbios_heaps_HeapMem_E_memory__C                              
00009134  ti_sysbios_heaps_HeapMem_Module__diagsEnabled__C                  
00009138  ti_sysbios_heaps_HeapMem_Module__diagsIncluded__C                 
0000913c  ti_sysbios_heaps_HeapMem_Module__diagsMask__C                     
00009140  ti_sysbios_heaps_HeapMem_Module__gateObj__C                       
00009144  ti_sysbios_heaps_HeapMem_Object__count__C                         
00009148  ti_sysbios_heaps_HeapMem_reqAlign__C                              
0000914c  ti_sysbios_knl_Clock_LM_begin__C                                  
00009150  ti_sysbios_knl_Clock_LM_tick__C                                   
00009154  ti_sysbios_knl_Clock_LW_delayed__C                                
00009158  ti_sysbios_knl_Clock_Module_State_clockQ__O                       
0000915c  ti_sysbios_knl_Clock_Module__diagsEnabled__C                      
00009160  ti_sysbios_knl_Clock_Module__diagsIncluded__C                     
00009164  ti_sysbios_knl_Clock_Module__diagsMask__C                         
00009168  ti_sysbios_knl_Clock_Module__loggerFxn1__C                        
0000916c  ti_sysbios_knl_Clock_Module__loggerFxn2__C                        
00009170  ti_sysbios_knl_Clock_Module__loggerObj__C                         
00009174  ti_sysbios_knl_Mailbox_Instance_State_freeQue__O                  
00009178  ti_sysbios_knl_Mailbox_Object__count__C                           
0000917c  ti_sysbios_knl_Mailbox_maxTypeAlign__C                            
00009180  ti_sysbios_knl_Semaphore_A_badContext__C                          
00009184  ti_sysbios_knl_Semaphore_A_noEvents__C                            
00009188  ti_sysbios_knl_Semaphore_A_overflow__C                            
0000918c  ti_sysbios_knl_Semaphore_A_pendTaskDisabled__C                    
00009190  ti_sysbios_knl_Semaphore_Instance_State_pendQ__O                  
00009194  ti_sysbios_knl_Semaphore_LM_pend__C                               
00009198  ti_sysbios_knl_Semaphore_LM_post__C                               
0000919c  ti_sysbios_knl_Semaphore_Module__diagsEnabled__C                  
000091a0  ti_sysbios_knl_Semaphore_Module__diagsIncluded__C                 
000091a4  ti_sysbios_knl_Semaphore_Module__diagsMask__C                     
000091a8  ti_sysbios_knl_Semaphore_Module__loggerFxn2__C                    
000091ac  ti_sysbios_knl_Semaphore_Module__loggerFxn4__C                    
000091b0  ti_sysbios_knl_Semaphore_Module__loggerObj__C                     
000091b4  ti_sysbios_knl_Swi_LD_end__C                                      
000091b8  ti_sysbios_knl_Swi_LM_begin__C                                    
000091bc  ti_sysbios_knl_Swi_LM_post__C                                     
000091c0  ti_sysbios_knl_Swi_Module__diagsEnabled__C                        
000091c4  ti_sysbios_knl_Swi_Module__diagsIncluded__C                       
000091c8  ti_sysbios_knl_Swi_Module__diagsMask__C                           
000091cc  ti_sysbios_knl_Swi_Module__loggerFxn1__C                          
000091d0  ti_sysbios_knl_Swi_Module__loggerFxn4__C                          
000091d4  ti_sysbios_knl_Swi_Module__loggerObj__C                           
000091d8  ti_sysbios_knl_Swi_Object__count__C                               
000091dc  ti_sysbios_knl_Task_A_badPriority__C                              
000091e0  ti_sysbios_knl_Task_A_badTaskState__C                             
000091e4  ti_sysbios_knl_Task_A_badThreadType__C                            
000091e8  ti_sysbios_knl_Task_A_badTimeout__C                               
000091ec  ti_sysbios_knl_Task_A_noPendElem__C                               
000091f0  ti_sysbios_knl_Task_A_sleepTaskDisabled__C                        
000091f4  ti_sysbios_knl_Task_E_spOutOfBounds__C                            
000091f8  ti_sysbios_knl_Task_E_stackOverflow__C                            
000091fc  ti_sysbios_knl_Task_LD_block__C                                   
00009200  ti_sysbios_knl_Task_LD_exit__C                                    
00009204  ti_sysbios_knl_Task_LD_ready__C                                   
00009208  ti_sysbios_knl_Task_LM_sleep__C                                   
0000920c  ti_sysbios_knl_Task_LM_switch__C                                  
00009210  ti_sysbios_knl_Task_Module_State_inactiveQ__O                     
00009214  ti_sysbios_knl_Task_Module__diagsEnabled__C                       
00009218  ti_sysbios_knl_Task_Module__diagsIncluded__C                      
0000921c  ti_sysbios_knl_Task_Module__diagsMask__C                          
00009220  ti_sysbios_knl_Task_Module__loggerFxn2__C                         
00009224  ti_sysbios_knl_Task_Module__loggerFxn4__C                         
00009228  ti_sysbios_knl_Task_Module__loggerObj__C                          
0000922c  ti_sysbios_knl_Task_Object__count__C                              
00009230  ti_sysbios_knl_Task_allBlockedFunc__C                             
00009234  ti_sysbios_knl_Task_defaultStackHeap__C                           
00009238  ti_sysbios_knl_Task_defaultStackSize__C                           
0000923c  ti_sysbios_knl_Task_numConstructedTasks__C                        
00009240  ti_sysbios_utils_Load_LS_cpuLoad__C                               
00009244  ti_sysbios_utils_Load_Module__diagsEnabled__C                     
00009248  ti_sysbios_utils_Load_Module__diagsIncluded__C                    
0000924c  ti_sysbios_utils_Load_Module__diagsMask__C                        
00009250  ti_sysbios_utils_Load_Module__loggerFxn1__C                       
00009254  ti_sysbios_utils_Load_Module__loggerObj__C                        
00009258  ti_sysbios_utils_Load_postUpdate__C                               
0000925c  ti_sysbios_utils_Load_windowInMs__C                               
00009260  ti_uia_events_UIABenchmark_start__C                               
00009264  ti_uia_events_UIABenchmark_stop__C                                
00009268  ti_uia_loggers_LoggerStopMode_Module__diagsEnabled__C             
0000926c  ti_uia_loggers_LoggerStopMode_Module__diagsIncluded__C            
00009270  ti_uia_loggers_LoggerStopMode_Module__diagsMask__C                
00009274  ti_uia_loggers_LoggerStopMode_Object__count__C                    
00009278  ti_uia_runtime_ILoggerSnapshot_Interface__BASE__C                 
0000927c  ti_uia_runtime_IUIATransfer_Interface__BASE__C                    
00009280  xdc_runtime_Assert_E_assertFailed__C                              
00009284  xdc_runtime_Core_A_initializedParams__C                           
00009288  xdc_runtime_Core_Module__diagsEnabled__C                          
0000928c  xdc_runtime_Core_Module__diagsIncluded__C                         
00009290  xdc_runtime_Core_Module__diagsMask__C                             
00009294  xdc_runtime_Error_E_memory__C                                     
00009298  xdc_runtime_Error_Module__diagsEnabled__C                         
0000929c  xdc_runtime_Error_Module__diagsIncluded__C                        
000092a0  xdc_runtime_Error_Module__diagsMask__C                            
000092a4  xdc_runtime_Error_Module__loggerFxn8__C                           
000092a8  xdc_runtime_Error_Module__loggerObj__C                            
000092ac  xdc_runtime_Error_policyFxn__C                                    
000092b0  xdc_runtime_Error_raiseHook__C                                    
000092b4  xdc_runtime_IFilterLogger_Interface__BASE__C                      
000092b8  xdc_runtime_IGateProvider_Interface__BASE__C                      
000092bc  xdc_runtime_IHeap_Interface__BASE__C                              
000092c0  xdc_runtime_ILogger_Interface__BASE__C                            
000092c4  xdc_runtime_IModule_Interface__BASE__C                            
000092c8  xdc_runtime_Log_L_error__C                                        
000092cc  xdc_runtime_LoggerBuf_E_badLevel__C                               
000092d0  xdc_runtime_LoggerBuf_Module__gateObj__C                          
000092d4  xdc_runtime_LoggerBuf_Object__count__C                            
000092d8  xdc_runtime_LoggerBuf_statusLogger__C                             
000092dc  xdc_runtime_Main_Module__diagsEnabled__C                          
000092e0  xdc_runtime_Main_Module__diagsIncluded__C                         
000092e4  xdc_runtime_Main_Module__diagsMask__C                             
000092e8  xdc_runtime_Main_Module__loggerFxn1__C                            
000092ec  xdc_runtime_Main_Module__loggerObj__C                             
000092f0  xdc_runtime_Memory_defaultHeapInstance__C                         
000092f4  xdc_runtime_Startup_execImpl__C                                   
000092f8  xdc_runtime_Startup_lastFxns__A                                   
000092fc  xdc_runtime_Startup_maxPasses__C                                  
00009300  xdc_runtime_Startup_sfxnRts__C                                    
00009304  xdc_runtime_Startup_sfxnTab__C                                    
00009308  xdc_runtime_SysMin_bufSize__C                                     
0000930c  xdc_runtime_SysMin_outputFunc__C                                  
00009310  xdc_runtime_System_Module__gateObj__C                             
00009314  xdc_runtime_System_abortFxn__C                                    
00009318  xdc_runtime_System_exitFxn__C                                     
0000931c  xdc_runtime_System_extendFxn__C                                   
00009320  xdc_runtime_System_maxAtexitHandlers__C                           
00009324  xdc_runtime_Text_charTab__C                                       
00009328  xdc_runtime_Text_nodeTab__C                                       
0000932c  xdc_runtime_Text_visitRopeFxn__C                                  
00009330  ti_catalog_arm_cortexm4_tiva_ce_Boot_Module__id__C                
00009332  ti_sysbios_family_arm_lm4_TimestampProvider_useClockTimer__C      
00009334  ti_sysbios_family_arm_m3_Hwi_Module__id__C                        
00009336  ti_sysbios_family_arm_m3_Hwi_Module__loggerDefined__C             
00009338  ti_sysbios_gates_GateMutex_Module__id__C                          
0000933a  ti_sysbios_hal_Hwi_Module__id__C                                  
0000933c  ti_sysbios_heaps_HeapMem_Module__id__C                            
0000933e  ti_sysbios_knl_Clock_Module__id__C                                
00009340  ti_sysbios_knl_Clock_Module__loggerDefined__C                     
00009342  ti_sysbios_knl_Semaphore_Module__id__C                            
00009344  ti_sysbios_knl_Semaphore_Module__loggerDefined__C                 
00009346  ti_sysbios_knl_Swi_Module__id__C                                  
00009348  ti_sysbios_knl_Swi_Module__loggerDefined__C                       
0000934a  ti_sysbios_knl_Task_Module__id__C                                 
0000934c  ti_sysbios_knl_Task_Module__loggerDefined__C                      
0000934e  ti_sysbios_utils_Load_Module__id__C                               
00009350  ti_sysbios_utils_Load_Module__loggerDefined__C                    
00009352  ti_sysbios_utils_Load_updateInIdle__C                             
00009354  ti_uia_loggers_LoggerStopMode_Module__id__C                       
00009356  ti_uia_loggers_LoggerStopMode_isTimestampEnabled__C               
00009358  xdc_runtime_Core_Module__id__C                                    
0000935a  xdc_runtime_Error_Module__loggerDefined__C                        
0000935c  xdc_runtime_Error_maxDepth__C                                     
0000935e  xdc_runtime_LoggerBuf_Module__id__C                               
00009360  xdc_runtime_LoggerBuf_filterByLevel__C                            
00009362  xdc_runtime_Main_Module__id__C                                    
00009364  xdc_runtime_Main_Module__loggerDefined__C                         
00009366  xdc_runtime_Memory_Module__id__C                                  
00009368  xdc_runtime_SysMin_flushAtExit__C                                 
0000936a  xdc_runtime_Text_isLoaded__C                                      
0000936c  xdc_runtime_Text_registryModsLastId__C                            
0000936e  xdc_runtime_Text_unnamedModsLastId__C                             
00009370  xdc_runtime_Error_policy__C                                       
00009378  __TI_static_base__                                                
000095c4  __TI_Handler_Table_Base                                           
000095d0  __TI_Handler_Table_Limit                                          
000095d8  __TI_CINIT_Base                                                   
000095e8  __TI_CINIT_Limit                                                  
20000000  ti_sysbios_family_arm_m3_Hwi_ramVectors                           
20000380  ti_sysbios_heaps_HeapMem_Instance_State_0_buf__A                  
20002380  ti_sysbios_knl_Task_Instance_State_0_stack__A                     
20002b80  ti_uia_loggers_LoggerStopMode_Instance_State_1_packetArray__A     
20002f80  ti_uia_loggers_LoggerStopMode_Instance_State_2_packetArray__A     
20003380  ti_sysbios_family_arm_m3_Hwi_dispatchTable                        
200036e0  parmbuf                                                           
200036e8  task                                                              
20003700  ti_uia_loggers_LoggerStopMode_Instance_State_0_packetArray__A     
20003900  xdc_runtime_LoggerBuf_Instance_State_0_entryArr__A                
20003b00  xdc_runtime_SysMin_Module_State_0_outbuf__A                       
20003d00  __CIOBUF_                                                         
20003e80  ti_uia_loggers_LoggerStopMode_Instance_State_0_hdr__A             
20003f00  ti_uia_loggers_LoggerStopMode_Instance_State_1_hdr__A             
20003f80  ti_uia_loggers_LoggerStopMode_Instance_State_2_hdr__A             
20003fb0  ti_uia_loggers_LoggerStopMode_Object__table__V                    
2000404c  ti_sysbios_utils_Load_Module__state__V                            
200040e4  ti_sysbios_family_arm_lm4_Timer_Object__table__V                  
20004164  ti_sysbios_knl_Swi_Module_State_0_readyQ__A                       
200041e4  ti_sysbios_knl_Task_Module_State_0_readyQ__A                      
20004264  ti_sysbios_knl_Task_Object__table__V                              
200042c0  ti_sysbios_knl_Task_Module__state__V                              
20004308  ti_sysbios_gates_GateMutex_Object__table__V                       
20004340  ti_sysbios_family_arm_m3_Hwi_Module__state__V                     
20004374  ti_sysbios_family_arm_lm4_Timer_Module_State_0_device__A          
200043a4  ti_sysbios_family_arm_m3_Hwi_Object__table__V                     
200043d4  ti_sysbios_knl_Swi_Object__table__V                               
20004404  ti_sysbios_knl_Clock_Module__state__V                             
20004430  ti_sysbios_BIOS_Module__state__V                                  
20004454  xdc_runtime_LoggerBuf_Object__table__V                            
20004478  xdc_runtime_Error_IgnoreBlock                                     
20004498  ti_sysbios_knl_Swi_Module__state__V                               
200044b4  ti_sysbios_family_arm_lm4_Timer_Module_State_0_handles__A         
200044cc  ti_sysbios_heaps_HeapMem_Object__table__V                         
200044e4  xdc_runtime_System_Module_State_0_atexitHandlers__A               
200044f4  ti_sysbios_family_arm_lm4_Timer_Module__state__V                  
20004500  ti_sysbios_knl_Task_Module__root__V                               
2000450c  ti_uia_runtime_QueueDescriptor_Module__state__V                   
20004518  xdc_runtime_SysMin_Module__state__V                               
20004524  _lock                                                             
20004528  _unlock                                                           
2000452c  ti_uia_runtime_QueueDescriptor_gPtrToFirstDescriptor              
20004530  ti_uia_runtime_QueueDescriptor_gUpdateCount                       
20004534  ti_sysbios_family_arm_lm4_TimestampProvider_Module__state__V      
2000453c  ti_sysbios_gates_GateHwi_Module__root__V                          
20004544  ti_sysbios_gates_GateMutex_Module__root__V                        
2000454c  ti_sysbios_heaps_HeapMem_Module__root__V                          
20004554  ti_sysbios_knl_Queue_Module__root__V                              
2000455c  ti_sysbios_knl_Semaphore_Module__root__V                          
20004564  ti_uia_loggers_LoggerStopMode_Module__root__V                     
2000456c  xdc_runtime_LoggerBuf_Module__root__V                             
20004574  xdc_runtime_Registry_Module__state__V                             
2000457c  xdc_runtime_Startup_Module__state__V                              
20004584  xdc_runtime_System_Module__state__V                               
2000458c  xdc_runtime_LoggerBuf_Module__state__V                            
20004592  ti_sysbios_family_arm_m3_Hwi_Module_State_0_excActive__A          
20004594  main_func_sp                                                      
20004598  ti_sysbios_family_arm_m3_Hwi_Module_State_0_excContext__A         
2000459c  ti_sysbios_family_arm_m3_Hwi_Module_State_0_excStack__A           
200045a0  ti_sysbios_gates_GateHwi_Object__table__V                         
200045a4  ti_sysbios_knl_Task_Module_State_0_idleTask__A                    
200045a8  ti_sysbios_utils_Load_Module_State_0_runningTask__A               
200045ac  ti_sysbios_utils_Load_Module_State_0_taskStartTime__A             
200045b0  xdc_runtime_Memory_Module__state__V                               
200045b4  xdc_runtime_Error_Module__state__V                                
200045b6  xdc_runtime_Main_Module__root__V                                  
200045b8  __stack                                                           
200049b8  __STACK_END                                                       
e000e000  ti_sysbios_family_arm_m3_Hwi_nvic                                 
ffffffff  __TI_pprof_out_hndl                                               
ffffffff  __TI_prof_data_size                                               
ffffffff  __TI_prof_data_start                                              
ffffffff  __binit__                                                         
ffffffff  __c_args__                                                        
ffffffff  binit                                                             
UNDEFED   SHT$$INIT_ARRAY$$Base                                             
UNDEFED   SHT$$INIT_ARRAY$$Limit                                            

[698 symbols]
